Component: ARM Compiler 5.05 update 1 (build 106) Tool: armlink [4d0efa]

==============================================================================

Section Cross References

    startup_stm32f103xb.o(RESET) refers to startup_stm32f103xb.o(STACK) for __initial_sp
    startup_stm32f103xb.o(RESET) refers to startup_stm32f103xb.o(.text) for Reset_Handler
    startup_stm32f103xb.o(RESET) refers to stm32f1xx_it.o(i.NMI_Handler) for NMI_Handler
    startup_stm32f103xb.o(RESET) refers to stm32f1xx_it.o(i.HardFault_Handler) for HardFault_Handler
    startup_stm32f103xb.o(RESET) refers to stm32f1xx_it.o(i.MemManage_Handler) for MemManage_Handler
    startup_stm32f103xb.o(RESET) refers to stm32f1xx_it.o(i.BusFault_Handler) for BusFault_Handler
    startup_stm32f103xb.o(RESET) refers to stm32f1xx_it.o(i.UsageFault_Handler) for UsageFault_Handler
    startup_stm32f103xb.o(RESET) refers to stm32f1xx_it.o(i.SVC_Handler) for SVC_Handler
    startup_stm32f103xb.o(RESET) refers to stm32f1xx_it.o(i.DebugMon_Handler) for DebugMon_Handler
    startup_stm32f103xb.o(RESET) refers to stm32f1xx_it.o(i.PendSV_Handler) for PendSV_Handler
    startup_stm32f103xb.o(RESET) refers to stm32f1xx_it.o(i.SysTick_Handler) for SysTick_Handler
    startup_stm32f103xb.o(RESET) refers to stm32f1xx_it.o(i.USB_LP_CAN1_RX0_IRQHandler) for USB_LP_CAN1_RX0_IRQHandler
    startup_stm32f103xb.o(RESET) refers to stm32f1xx_it.o(i.TIM2_IRQHandler) for TIM2_IRQHandler
    startup_stm32f103xb.o(RESET) refers to stm32f1xx_it.o(i.TIM3_IRQHandler) for TIM3_IRQHandler
    startup_stm32f103xb.o(RESET) refers to stm32f1xx_it.o(i.TIM4_IRQHandler) for TIM4_IRQHandler
    startup_stm32f103xb.o(.text) refers to system_stm32f1xx.o(i.SystemInit) for SystemInit
    startup_stm32f103xb.o(.text) refers to entry.o(.ARM.Collect$$$$00000000) for __main
    motor.o(i.MotorStepCounter) refers to motor.o(i.MotorStop) for MotorStop
    motor.o(i.MotorTakeFewSteps) refers to motor.o(i.MotorStart) for MotorStart
    modbus.o(i.MakeTransmitPacket) refers to modbus.o(.bss) for trBuf
    modbus.o(i.MakeTransmitPacket) refers to modbus.o(.data) for getReadRegValue
    modbus.o(i.ModbusInit) refers to modbus.o(.data) for getReadRegValue
    modbus.o(i.ModbusProcess) refers to modbus.o(i.MakeTransmitPacket) for MakeTransmitPacket
    modbus.o(i.ModbusProcess) refers to modbus.o(.bss) for rxBuf
    modbus.o(i.ModbusProcess) refers to modbus.o(.data) for receiveFunction
    globals.o(i.EraseFlashPage) refers to stm32f1xx_hal_flash.o(i.HAL_FLASH_Unlock) for HAL_FLASH_Unlock
    globals.o(i.EraseFlashPage) refers to stm32f1xx_hal_flash_ex.o(i.HAL_FLASHEx_Erase) for HAL_FLASHEx_Erase
    globals.o(i.EraseFlashPage) refers to stm32f1xx_hal_flash.o(i.HAL_FLASH_Lock) for HAL_FLASH_Lock
    globals.o(i.GetReadRegValue) refers to globals.o(.data) for ReadRegs
    globals.o(i.GetReadWriteRegValue) refers to globals.o(.bss) for ReadWriteRegs
    globals.o(i.GlobalsInit) refers to globals.o(i.ReadOneRegFromFlash) for ReadOneRegFromFlash
    globals.o(i.GlobalsInit) refers to globals.o(i.WriteOneRegToFlash) for WriteOneRegToFlash
    globals.o(i.GlobalsInit) refers to globals.o(.data) for ReadRegs
    globals.o(i.GlobalsInit) refers to globals.o(.bss) for ReadWriteRegs
    globals.o(i.LoadAllDataFromFlash) refers to globals.o(.bss) for ReadWriteRegs
    globals.o(i.SetReadRegValue) refers to globals.o(.data) for ReadRegs
    globals.o(i.SetReadWriteRegValue) refers to stm32f1xx_hal_flash.o(i.HAL_FLASH_Unlock) for HAL_FLASH_Unlock
    globals.o(i.SetReadWriteRegValue) refers to stm32f1xx_hal_flash.o(i.HAL_FLASH_Program) for HAL_FLASH_Program
    globals.o(i.SetReadWriteRegValue) refers to stm32f1xx_hal_flash.o(i.HAL_FLASH_Lock) for HAL_FLASH_Lock
    globals.o(i.SetReadWriteRegValue) refers to globals.o(i.LoadAllDataFromFlash) for LoadAllDataFromFlash
    globals.o(i.SetReadWriteRegValue) refers to globals.o(i.EraseFlashPage) for EraseFlashPage
    globals.o(i.SetReadWriteRegValue) refers to globals.o(.bss) for ReadWriteRegs
    globals.o(i.WriteOneRegToFlash) refers to stm32f1xx_hal_flash.o(i.HAL_FLASH_Unlock) for HAL_FLASH_Unlock
    globals.o(i.WriteOneRegToFlash) refers to stm32f1xx_hal_flash.o(i.HAL_FLASH_Program) for HAL_FLASH_Program
    globals.o(i.WriteOneRegToFlash) refers to stm32f1xx_hal_flash.o(i.HAL_FLASH_Lock) for HAL_FLASH_Lock
    main.o(i.Motor1StepCounter) refers to motor.o(i.MotorStepCounter) for MotorStepCounter
    main.o(i.Motor1StepCounter) refers to main.o(.bss) for motor1
    main.o(i.Motor2StepCounter) refers to motor.o(i.MotorStepCounter) for MotorStepCounter
    main.o(i.Motor2StepCounter) refers to main.o(.bss) for motor2
    main.o(i.SystemClock_Config) refers to memseta.o(.text) for __aeabi_memclr4
    main.o(i.SystemClock_Config) refers to stm32f1xx_hal_rcc.o(i.HAL_RCC_OscConfig) for HAL_RCC_OscConfig
    main.o(i.SystemClock_Config) refers to main.o(i.Error_Handler) for Error_Handler
[...]
    i.HAL_PCD_EP_Open                        0x08000d0e   Section        0  stm32f1xx_hal_pcd.o(i.HAL_PCD_EP_Open)
    i.HAL_PCD_EP_Receive                     0x08000d84   Section        0  stm32f1xx_hal_pcd.o(i.HAL_PCD_EP_Receive)
    i.HAL_PCD_EP_SetStall                    0x08000dce   Section        0  stm32f1xx_hal_pcd.o(i.HAL_PCD_EP_SetStall)
    i.HAL_PCD_EP_Transmit                    0x08000e40   Section        0  stm32f1xx_hal_pcd.o(i.HAL_PCD_EP_Transmit)
    i.HAL_PCD_IRQHandler                     0x08000e8c   Section        0  stm32f1xx_hal_pcd.o(i.HAL_PCD_IRQHandler)
    i.HAL_PCD_Init                           0x08000ff4   Section        0  stm32f1xx_hal_pcd.o(i.HAL_PCD_Init)
    i.HAL_PCD_MspInit                        0x08001110   Section        0  usbd_conf.o(i.HAL_PCD_MspInit)
    i.HAL_PCD_ResetCallback                  0x08001154   Section        0  usbd_conf.o(i.HAL_PCD_ResetCallback)
    i.HAL_PCD_ResumeCallback                 0x08001178   Section        0  usbd_conf.o(i.HAL_PCD_ResumeCallback)
    i.HAL_PCD_SOFCallback                    0x08001186   Section        0  usbd_conf.o(i.HAL_PCD_SOFCallback)
    i.HAL_PCD_SetAddress                     0x08001194   Section        0  stm32f1xx_hal_pcd.o(i.HAL_PCD_SetAddress)
    i.HAL_PCD_SetupStageCallback             0x080011ca   Section        0  usbd_conf.o(i.HAL_PCD_SetupStageCallback)
    i.HAL_PCD_Start                          0x080011dc   Section        0  stm32f1xx_hal_pcd.o(i.HAL_PCD_Start)
    i.HAL_PCD_SuspendCallback                0x08001218   Section        0  usbd_conf.o(i.HAL_PCD_SuspendCallback)
    i.HAL_RCCEx_PeriphCLKConfig              0x0800123c   Section        0  stm32f1xx_hal_rcc_ex.o(i.HAL_RCCEx_PeriphCLKConfig)
    i.HAL_RCC_ClockConfig                    0x0800136c   Section        0  stm32f1xx_hal_rcc.o(i.HAL_RCC_ClockConfig)
    i.HAL_RCC_GetSysClockFreq                0x0800153c   Section        0  stm32f1xx_hal_rcc.o(i.HAL_RCC_GetSysClockFreq)
    i.HAL_RCC_OscConfig                      0x080015d0   Section        0  stm32f1xx_hal_rcc.o(i.HAL_RCC_OscConfig)
    i.HAL_SYSTICK_Config                     0x08001a10   Section        0  stm32f1xx_hal_cortex.o(i.HAL_SYSTICK_Config)
    i.HAL_TIMEx_BreakCallback                0x08001a44   Section        0  stm32f1xx_hal_tim_ex.o(i.HAL_TIMEx_BreakCallback)
    i.HAL_TIMEx_CommutationCallback          0x08001a46   Section        0  stm32f1xx_hal_tim_ex.o(i.HAL_TIMEx_CommutationCallback)
    i.HAL_TIMEx_MasterConfigSynchronization  0x08001a48   Section        0  stm32f1xx_hal_tim_ex.o(i.HAL_TIMEx_MasterConfigSynchronization)
    i.HAL_TIM_Base_Init                      0x08001aaa   Section        0  stm32f1xx_hal_tim.o(i.HAL_TIM_Base_Init)
    i.HAL_TIM_Base_MspInit                   0x08001ae0   Section        0  tim.o(i.HAL_TIM_Base_MspInit)
    i.HAL_TIM_Base_Start_IT                  0x08001b58   Section        0  stm32f1xx_hal_tim.o(i.HAL_TIM_Base_Start_IT)
    i.HAL_TIM_ConfigClockSource              0x08001b76   Section        0  stm32f1xx_hal_tim.o(i.HAL_TIM_ConfigClockSource)
    i.HAL_TIM_Encoder_Init                   0x08001ca8   Section        0  stm32f1xx_hal_tim.o(i.HAL_TIM_Encoder_Init)
    i.HAL_TIM_Encoder_MspInit                0x08001d5c   Section        0  tim.o(i.HAL_TIM_Encoder_MspInit)
    i.HAL_TIM_Encoder_Start                  0x08001de0   Section        0  stm32f1xx_hal_tim.o(i.HAL_TIM_Encoder_Start)
    i.HAL_TIM_IC_CaptureCallback             0x08001e2e   Section        0  stm32f1xx_hal_tim.o(i.HAL_TIM_IC_CaptureCallback)
    i.HAL_TIM_IRQHandler                     0x08001e30   Section        0  stm32f1xx_hal_tim.o(i.HAL_TIM_IRQHandler)
    i.HAL_TIM_MspPostInit                    0x08001fc8   Section        0  tim.o(i.HAL_TIM_MspPostInit)
    i.HAL_TIM_OC_ConfigChannel               0x0800205c   Section        0  stm32f1xx_hal_tim.o(i.HAL_TIM_OC_ConfigChannel)
    i.HAL_TIM_OC_DelayElapsedCallback        0x080020d0   Section        0  stm32f1xx_hal_tim.o(i.HAL_TIM_OC_DelayElapsedCallback)
    i.HAL_TIM_OC_Init                        0x080020d2   Section        0  stm32f1xx_hal_tim.o(i.HAL_TIM_OC_Init)
    i.HAL_TIM_OC_MspInit                     0x08002106   Section        0  stm32f1xx_hal_tim.o(i.HAL_TIM_OC_MspInit)
    i.HAL_TIM_OC_Start                       0x08002108   Section        0  stm32f1xx_hal_tim.o(i.HAL_TIM_OC_Start)
    i.HAL_TIM_OC_Stop                        0x08002148   Section        0  stm32f1xx_hal_tim.o(i.HAL_TIM_OC_Stop)
    i.HAL_TIM_OnePulse_Init                  0x080021bc   Section        0  stm32f1xx_hal_tim.o(i.HAL_TIM_OnePulse_Init)
    i.HAL_TIM_OnePulse_MspInit               0x08002208   Section        0  stm32f1xx_hal_tim.o(i.HAL_TIM_OnePulse_MspInit)
    i.HAL_TIM_PWM_PulseFinishedCallback      0x0800220a   Section        0  stm32f1xx_hal_tim.o(i.HAL_TIM_PWM_PulseFinishedCallback)
    i.HAL_TIM_PeriodElapsedCallback          0x0800220c   Section        0  stm32f1xx_hal_tim.o(i.HAL_TIM_PeriodElapsedCallback)
    i.HAL_TIM_TriggerCallback                0x0800220e   Section        0  stm32f1xx_hal_tim.o(i.HAL_TIM_TriggerCallback)
    i.HardFault_Handler                      0x08002210   Section        0  stm32f1xx_it.o(i.HardFault_Handler)
    i.IntToUnicode                           0x08002214   Section        0  usbd_desc.o(i.IntToUnicode)
    IntToUnicode                             0x08002215   Thumb Code    62  usbd_desc.o(i.IntToUnicode)
    i.LoadAllDataFromFlash                   0x08002254   Section        0  globals.o(i.LoadAllDataFromFlash)
    i.MX_GPIO_Init                           0x08002278   Section        0  gpio.o(i.MX_GPIO_Init)
    i.MX_TIM2_Init                           0x08002348   Section        0  tim.o(i.MX_TIM2_Init)
    i.MX_TIM3_Init                           0x080023ec   Section        0  tim.o(i.MX_TIM3_Init)
    i.MX_TIM4_Init                           0x08002490   Section        0  tim.o(i.MX_TIM4_Init)
    i.MX_USB_DEVICE_Init                     0x08002510   Section        0  usb_device.o(i.MX_USB_DEVICE_Init)
    i.MakeTransmitPacket                     0x0800255c   Section        0  modbus.o(i.MakeTransmitPacket)
    i.MemManage_Handler                      0x08002704   Section        0  stm32f1xx_it.o(i.MemManage_Handler)
    i.ModbusInit                             0x08002708   Section        0  modbus.o(i.ModbusInit)
    i.ModbusProcess                          0x08002740   Section        0  modbus.o(i.ModbusProcess)
    i.Motor1StepCounter                      0x080027c0   Section        0  main.o(i.Motor1StepCounter)
    i.Motor2StepCounter                      0x080027d4   Section        0  main.o(i.Motor2StepCounter)
    i.MotorInit                              0x080027e8   Section        0  motor.o(i.MotorInit)
    i.MotorReset                             0x0800282e   Section        0  motor.o(i.MotorReset)
    i.MotorSetDir                            0x0800284c   Section        0  motor.o(i.MotorSetDir)
    i.MotorSetSpeed                          0x0800285c   Section        0  motor.o(i.MotorSetSpeed)
    i.MotorStart                             0x0800286c   Section        0  motor.o(i.MotorStart)
    i.MotorStepCounter                       0x08002882   Section        0  motor.o(i.MotorStepCounter)
    i.MotorStop                              0x080028b0   Section        0  motor.o(i.MotorStop)
    i.MotorTakeFewSteps                      0x080028c6   Section        0  motor.o(i.MotorTakeFewSteps)
    i.NMI_Handler                            0x080028da   Section        0  stm32f1xx_it.o(i.NMI_Handler)
    i.NVIC_GetPriorityGrouping               0x080028dc   Section        0  stm32f1xx_hal_cortex.o(i.NVIC_GetPriorityGrouping)
    NVIC_GetPriorityGrouping                 0x080028dd   Thumb Code    10  stm32f1xx_hal_cortex.o(i.NVIC_GetPriorityGrouping)
    i.NVIC_SetPriority                       0x080028ec   Section        0  stm32f1xx_hal_cortex.o(i.NVIC_SetPriority)
    NVIC_SetPriority                         0x080028ed   Thumb Code    32  stm32f1xx_hal_cortex.o(i.NVIC_SetPriority)
    i.PCD_EP_ISR_Handler                     0x08002914   Section        0  stm32f1xx_hal_pcd.o(i.PCD_EP_ISR_Handler)
    PCD_EP_ISR_Handler                       0x08002915   Thumb Code  1092  stm32f1xx_hal_pcd.o(i.PCD_EP_ISR_Handler)
    i.PendSV_Handler                         0x08002d58   Section        0  stm32f1xx_it.o(i.PendSV_Handler)
    i.RCC_Delay                              0x08002d5c   Section        0  stm32f1xx_hal_rcc.o(i.RCC_Delay)
    RCC_Delay                                0x08002d5d   Thumb Code    36  stm32f1xx_hal_rcc.o(i.RCC_Delay)
    i.ReadOneRegFromFlash                    0x08002d84   Section        0  globals.o(i.ReadOneRegFromFlash)
    i.SVC_Handler                            0x08002d98   Section        0  stm32f1xx_it.o(i.SVC_Handler)
    i.SetMotor1Dir                           0x08002d9c   Section        0  gpio.o(i.SetMotor1Dir)
    i.SetMotor1En                            0x08002dc0   Section        0  gpio.o(i.SetMotor1En)
    i.SetMotor2Dir                           0x08002de4   Section        0  gpio.o(i.SetMotor2Dir)
    i.SetMotor2En                            0x08002e08   Section        0  gpio.o(i.SetMotor2En)
    i.SetReadRegValue                        0x08002e2c   Section        0  globals.o(i.SetReadRegValue)
    i.SetReadWriteRegValue                   0x08002e48   Section        0  globals.o(i.SetReadWriteRegValue)
    i.SysTick_Handler                        0x08002ed0   Section        0  stm32f1xx_it.o(i.SysTick_Handler)
    i.SystemClock_Config                     0x08002f04   Section        0  main.o(i.SystemClock_Config)
    i.SystemInit                             0x08002f88   Section        0  system_stm32f1xx.o(i.SystemInit)
    i.TIM2_IRQHandler                        0x08002fe0   Section        0  stm32f1xx_it.o(i.TIM2_IRQHandler)
    i.TIM3_IRQHandler                        0x08002ff8   Section        0  stm32f1xx_it.o(i.TIM3_IRQHandler)
    i.TIM4_IRQHandler                        0x08003010   Section        0  stm32f1xx_it.o(i.TIM4_IRQHandler)
    i.TIM_Base_SetConfig                     0x0800302c   Section        0  stm32f1xx_hal_tim.o(i.TIM_Base_SetConfig)
    i.TIM_CCxChannelCmd                      0x080030a0   Section        0  stm32f1xx_hal_tim.o(i.TIM_CCxChannelCmd)
    i.TIM_ETR_SetConfig                      0x080030bc   Section        0  stm32f1xx_hal_tim.o(i.TIM_ETR_SetConfig)
    TIM_ETR_SetConfig                        0x080030bd   Thumb Code    24  stm32f1xx_hal_tim.o(i.TIM_ETR_SetConfig)
    i.TIM_ITRx_SetConfig                     0x080030d4   Section        0  stm32f1xx_hal_tim.o(i.TIM_ITRx_SetConfig)
    TIM_ITRx_SetConfig                       0x080030d5   Thumb Code    20  stm32f1xx_hal_tim.o(i.TIM_ITRx_SetConfig)
    i.TIM_OC1_SetConfig                      0x080030e8   Section        0  stm32f1xx_hal_tim.o(i.TIM_OC1_SetConfig)
    TIM_OC1_SetConfig                        0x080030e9   Thumb Code    96  stm32f1xx_hal_tim.o(i.TIM_OC1_SetConfig)
    i.TIM_OC2_SetConfig                      0x0800314c   Section        0  stm32f1xx_hal_tim.o(i.TIM_OC2_SetConfig)
    i.TIM_OC3_SetConfig                      0x080031bc   Section        0  stm32f1xx_hal_tim.o(i.TIM_OC3_SetConfig)
    TIM_OC3_SetConfig                        0x080031bd   Thumb Code   104  stm32f1xx_hal_tim.o(i.TIM_OC3_SetConfig)
    i.TIM_OC4_SetConfig                      0x08003228   Section        0  stm32f1xx_hal_tim.o(i.TIM_OC4_SetConfig)
    TIM_OC4_SetConfig                        0x08003229   Thumb Code    74  stm32f1xx_hal_tim.o(i.TIM_OC4_SetConfig)
    i.TIM_TI1_ConfigInputStage               0x08003278   Section        0  stm32f1xx_hal_tim.o(i.TIM_TI1_ConfigInputStage)
    TIM_TI1_ConfigInputStage                 0x08003279   Thumb Code    42  stm32f1xx_hal_tim.o(i.TIM_TI1_ConfigInputStage)
    i.TIM_TI2_ConfigInputStage               0x080032a2   Section        0  stm32f1xx_hal_tim.o(i.TIM_TI2_ConfigInputStage)
    TIM_TI2_ConfigInputStage                 0x080032a3   Thumb Code    44  stm32f1xx_hal_tim.o(i.TIM_TI2_ConfigInputStage)
    i.Timer2OnOff                            0x080032d0   Section        0  tim.o(i.Timer2OnOff)
    i.Timer2SetMotorSpeed                    0x080032f0   Section        0  tim.o(i.Timer2SetMotorSpeed)
    i.Timer2SetOnePulseMode                  0x0800330c   Section        0  tim.o(i.Timer2SetOnePulseMode)
    i.Timer2SetRunMode                       0x08003324   Section        0  tim.o(i.Timer2SetRunMode)
    i.Timer3OnOff                            0x08003344   Section        0  tim.o(i.Timer3OnOff)
    i.Timer3SetMotorSpeed                    0x08003364   Section        0  tim.o(i.Timer3SetMotorSpeed)
    i.Timer3SetOnePulseMode                  0x08003380   Section        0  tim.o(i.Timer3SetOnePulseMode)
    i.Timer3SetRunMode                       0x08003398   Section        0  tim.o(i.Timer3SetRunMode)
    i.USBD_CDC_DataIn                        0x080033b8   Section        0  usbd_cdc.o(i.USBD_CDC_DataIn)
    USBD_CDC_DataIn                          0x080033b9   Thumb Code    26  usbd_cdc.o(i.USBD_CDC_DataIn)
    i.USBD_CDC_DataOut                       0x080033d2   Section        0  usbd_cdc.o(i.USBD_CDC_DataOut)
    USBD_CDC_DataOut                         0x080033d3   Thumb Code    52  usbd_cdc.o(i.USBD_CDC_DataOut)
    i.USBD_CDC_DeInit                        0x08003406   Section        0  usbd_cdc.o(i.USBD_CDC_DeInit)
    USBD_CDC_DeInit                          0x08003407   Thumb Code    64  usbd_cdc.o(i.USBD_CDC_DeInit)
    i.USBD_CDC_EP0_RxReady                   0x08003446   Section        0  usbd_cdc.o(i.USBD_CDC_EP0_RxReady)
    USBD_CDC_EP0_RxReady                     0x08003447   Thumb Code    50  usbd_cdc.o(i.USBD_CDC_EP0_RxReady)
    i.USBD_CDC_GetDeviceQualifierDescriptor  0x08003478   Section        0  usbd_cdc.o(i.USBD_CDC_GetDeviceQualifierDescriptor)
    i.USBD_CDC_GetFSCfgDesc                  0x08003488   Section        0  usbd_cdc.o(i.USBD_CDC_GetFSCfgDesc)
    USBD_CDC_GetFSCfgDesc                    0x08003489   Thumb Code    10  usbd_cdc.o(i.USBD_CDC_GetFSCfgDesc)
    i.USBD_CDC_GetHSCfgDesc                  0x08003498   Section        0  usbd_cdc.o(i.USBD_CDC_GetHSCfgDesc)
    USBD_CDC_GetHSCfgDesc                    0x08003499   Thumb Code    10  usbd_cdc.o(i.USBD_CDC_GetHSCfgDesc)
    i.USBD_CDC_GetOtherSpeedCfgDesc          0x080034a8   Section        0  usbd_cdc.o(i.USBD_CDC_GetOtherSpeedCfgDesc)
    USBD_CDC_GetOtherSpeedCfgDesc            0x080034a9   Thumb Code    10  usbd_cdc.o(i.USBD_CDC_GetOtherSpeedCfgDesc)
    i.USBD_CDC_Init                          0x080034b8   Section        0  usbd_cdc.o(i.USBD_CDC_Init)
    USBD_CDC_Init                            0x080034b9   Thumb Code   166  usbd_cdc.o(i.USBD_CDC_Init)
    i.USBD_CDC_ReceivePacket                 0x0800355e   Section        0  usbd_cdc.o(i.USBD_CDC_ReceivePacket)
    i.USBD_CDC_RegisterInterface             0x08003598   Section        0  usbd_cdc.o(i.USBD_CDC_RegisterInterface)
    i.USBD_CDC_SetRxBuffer                   0x080035a6   Section        0  usbd_cdc.o(i.USBD_CDC_SetRxBuffer)
    i.USBD_CDC_SetTxBuffer                   0x080035b4   Section        0  usbd_cdc.o(i.USBD_CDC_SetTxBuffer)
    i.USBD_CDC_Setup                         0x080035c8   Section        0  usbd_cdc.o(i.USBD_CDC_Setup)
    USBD_CDC_Setup                           0x080035c9   Thumb Code   138  usbd_cdc.o(i.USBD_CDC_Setup)
    i.USBD_CDC_TransmitPacket                0x08003658   Section        0  usbd_cdc.o(i.USBD_CDC_TransmitPacket)
    i.USBD_ClrClassConfig                    0x08003690   Section        0  usbd_core.o(i.USBD_ClrClassConfig)
    i.USBD_ClrFeature                        0x080036a6   Section        0  usbd_ctlreq.o(i.USBD_ClrFeature)
    USBD_ClrFeature                          0x080036a7   Thumb Code    68  usbd_ctlreq.o(i.USBD_ClrFeature)
    i.USBD_CtlContinueRx                     0x080036ea   Section        0  usbd_ioreq.o(i.USBD_CtlContinueRx)
    i.USBD_CtlContinueSendData               0x08003702   Section        0  usbd_ioreq.o(i.USBD_CtlContinueSendData)
    i.USBD_CtlError                          0x0800371a   Section        0  usbd_ctlreq.o(i.USBD_CtlError)
    i.USBD_CtlPrepareRx                      0x08003732   Section        0  usbd_ioreq.o(i.USBD_CtlPrepareRx)
    i.USBD_CtlReceiveStatus                  0x0800375a   Section        0  usbd_ioreq.o(i.USBD_CtlReceiveStatus)
    i.USBD_CtlSendData                       0x08003774   Section        0  usbd_ioreq.o(i.USBD_CtlSendData)
    i.USBD_CtlSendStatus                     0x08003796   Section        0  usbd_ioreq.o(i.USBD_CtlSendStatus)
    i.USBD_FS_ConfigStrDescriptor            0x080037b0   Section        0  usbd_desc.o(i.USBD_FS_ConfigStrDescriptor)
    i.USBD_FS_DeviceDescriptor               0x080037e4   Section        0  usbd_desc.o(i.USBD_FS_DeviceDescriptor)
    i.USBD_FS_InterfaceStrDescriptor         0x080037f4   Section        0  usbd_desc.o(i.USBD_FS_InterfaceStrDescriptor)
    i.USBD_FS_LangIDStrDescriptor            0x0800382c   Section        0  usbd_desc.o(i.USBD_FS_LangIDStrDescriptor)
    i.USBD_FS_ManufacturerStrDescriptor      0x0800383c   Section        0  usbd_desc.o(i.USBD_FS_ManufacturerStrDescriptor)
    i.USBD_FS_ProductStrDescriptor           0x08003868   Section        0  usbd_desc.o(i.USBD_FS_ProductStrDescriptor)
    i.USBD_FS_SerialStrDescriptor            0x080038a8   Section        0  usbd_desc.o(i.USBD_FS_SerialStrDescriptor)
    i.USBD_GetConfig                         0x080038c0   Section        0  usbd_ctlreq.o(i.USBD_GetConfig)
    USBD_GetConfig                           0x080038c1   Thumb Code    80  usbd_ctlreq.o(i.USBD_GetConfig)
    i.USBD_GetDescriptor                     0x08003910   Section        0  usbd_ctlreq.o(i.USBD_GetDescriptor)
    USBD_GetDescriptor                       0x08003911   Thumb Code   328  usbd_ctlreq.o(i.USBD_GetDescriptor)
    i.USBD_GetLen                            0x08003a58   Section        0  usbd_ctlreq.o(i.USBD_GetLen)
    USBD_GetLen                              0x08003a59   Thumb Code    20  usbd_ctlreq.o(i.USBD_GetLen)
    i.USBD_GetStatus                         0x08003a6c   Section        0  usbd_ctlreq.o(i.USBD_GetStatus)
    USBD_GetStatus                           0x08003a6d   Thumb Code    68  usbd_ctlreq.o(i.USBD_GetStatus)
    i.USBD_GetString                         0x08003ab0   Section        0  usbd_ctlreq.o(i.USBD_GetString)
    i.USBD_Get_USB_Status                    0x08003b02   Section        0  usbd_conf.o(i.USBD_Get_USB_Status)
    USBD_Get_USB_Status                      0x08003b03   Thumb Code    44  usbd_conf.o(i.USBD_Get_USB_Status)
    i.USBD_Init                              0x08003b2e   Section        0  usbd_core.o(i.USBD_Init)
    i.USBD_LL_ClearStallEP                   0x08003b60   Section        0  usbd_conf.o(i.USBD_LL_ClearStallEP)
    i.USBD_LL_CloseEP                        0x08003b86   Section        0  usbd_conf.o(i.USBD_LL_CloseEP)
    i.USBD_LL_DataInStage                    0x08003bac   Section        0  usbd_core.o(i.USBD_LL_DataInStage)
    i.USBD_LL_DataOutStage                   0x08003c86   Section        0  usbd_core.o(i.USBD_LL_DataOutStage)
    i.USBD_LL_GetRxDataSize                  0x08003d0c   Section        0  usbd_conf.o(i.USBD_LL_GetRxDataSize)
    i.USBD_LL_Init                           0x08003d20   Section        0  usbd_conf.o(i.USBD_LL_Init)
    i.USBD_LL_IsStallEP                      0x08003da4   Section        0  usbd_conf.o(i.USBD_LL_IsStallEP)
    i.USBD_LL_OpenEP                         0x08003dd4   Section        0  usbd_conf.o(i.USBD_LL_OpenEP)
    i.USBD_LL_PrepareReceive                 0x08003e04   Section        0  usbd_conf.o(i.USBD_LL_PrepareReceive)
    i.USBD_LL_Reset                          0x08003e34   Section        0  usbd_core.o(i.USBD_LL_Reset)
    i.USBD_LL_Resume                         0x08003e78   Section        0  usbd_core.o(i.USBD_LL_Resume)
    i.USBD_LL_SOF                            0x08003e86   Section        0  usbd_core.o(i.USBD_LL_SOF)
    i.USBD_LL_SetSpeed                       0x08003ea8   Section        0  usbd_core.o(i.USBD_LL_SetSpeed)
    i.USBD_LL_SetUSBAddress                  0x08003eb0   Section        0  usbd_conf.o(i.USBD_LL_SetUSBAddress)
    i.USBD_LL_SetupStage                     0x08003ed6   Section        0  usbd_core.o(i.USBD_LL_SetupStage)
    i.USBD_LL_StallEP                        0x08003f44   Section        0  usbd_conf.o(i.USBD_LL_StallEP)
    i.USBD_LL_Start                          0x08003f6a   Section        0  usbd_conf.o(i.USBD_LL_Start)
    i.USBD_LL_Suspend                        0x08003f88   Section        0  usbd_core.o(i.USBD_LL_Suspend)
    i.USBD_LL_Transmit                       0x08003f9c   Section        0  usbd_conf.o(i.USBD_LL_Transmit)
    i.USBD_ParseSetupRequest                 0x08003fcc   Section        0  usbd_ctlreq.o(i.USBD_ParseSetupRequest)
    i.USBD_RegisterClass                     0x08003ff4   Section        0  usbd_core.o(i.USBD_RegisterClass)
    i.USBD_RunTestMode                       0x08004004   Section        0  usbd_core.o(i.USBD_RunTestMode)
    i.USBD_SetAddress                        0x0800400a   Section        0  usbd_ctlreq.o(i.USBD_SetAddress)
    USBD_SetAddress                          0x0800400b   Thumb Code    84  usbd_ctlreq.o(i.USBD_SetAddress)
    i.USBD_SetClassConfig                    0x0800405e   Section        0  usbd_core.o(i.USBD_SetClassConfig)
    i.USBD_SetConfig                         0x08004080   Section        0  usbd_ctlreq.o(i.USBD_SetConfig)
    USBD_SetConfig                           0x08004081   Thumb Code   218  usbd_ctlreq.o(i.USBD_SetConfig)
    i.USBD_SetFeature                        0x08004160   Section        0  usbd_ctlreq.o(i.USBD_SetFeature)
    USBD_SetFeature                          0x08004161   Thumb Code    36  usbd_ctlreq.o(i.USBD_SetFeature)
    i.USBD_Start                             0x08004184   Section        0  usbd_core.o(i.USBD_Start)
    i.USBD_StdDevReq                         0x08004192   Section        0  usbd_ctlreq.o(i.USBD_StdDevReq)
    i.USBD_StdEPReq                          0x08004204   Section        0  usbd_ctlreq.o(i.USBD_StdEPReq)
    i.USBD_StdItfReq                         0x0800435a   Section        0  usbd_ctlreq.o(i.USBD_StdItfReq)
    i.USBD_static_free                       0x080043a4   Section        0  usbd_conf.o(i.USBD_static_free)
    i.USBD_static_malloc                     0x080043a8   Section        0  usbd_conf.o(i.USBD_static_malloc)
    i.USB_ActivateEndpoint                   0x080043b4   Section        0  stm32f1xx_ll_usb.o(i.USB_ActivateEndpoint)
    i.USB_CoreInit                           0x0800475e   Section        0  stm32f1xx_ll_usb.o(i.USB_CoreInit)
    i.USB_DeactivateEndpoint                 0x08004766   Section        0  stm32f1xx_ll_usb.o(i.USB_DeactivateEndpoint)
    i.USB_DevConnect                         0x0800497a   Section        0  stm32f1xx_ll_usb.o(i.USB_DevConnect)
    i.USB_DevDisconnect                      0x08004980   Section        0  stm32f1xx_ll_usb.o(i.USB_DevDisconnect)
    i.USB_DevInit                            0x08004986   Section        0  stm32f1xx_ll_usb.o(i.USB_DevInit)
    i.USB_DisableGlobalInt                   0x080049a4   Section        0  stm32f1xx_ll_usb.o(i.USB_DisableGlobalInt)
    i.USB_EP0_OutStart                       0x080049ba   Section        0  stm32f1xx_ll_usb.o(i.USB_EP0_OutStart)
    i.USB_EPClearStall                       0x080049c0   Section        0  stm32f1xx_ll_usb.o(i.USB_EPClearStall)
    i.USB_EPSetStall                         0x08004a74   Section        0  stm32f1xx_ll_usb.o(i.USB_EPSetStall)
    i.USB_EPStartXfer                        0x08004afa   Section        0  stm32f1xx_ll_usb.o(i.USB_EPStartXfer)
    i.USB_EnableGlobalInt                    0x08004e2c   Section        0  stm32f1xx_ll_usb.o(i.USB_EnableGlobalInt)
    i.USB_LP_CAN1_RX0_IRQHandler             0x08004e44   Section        0  stm32f1xx_it.o(i.USB_LP_CAN1_RX0_IRQHandler)
    i.USB_ReadInterrupts                     0x08004e54   Section        0  stm32f1xx_ll_usb.o(i.USB_ReadInterrupts)
    i.USB_ReadPMA                            0x08004e5e   Section        0  stm32f1xx_ll_usb.o(i.USB_ReadPMA)
    i.USB_Receive_FS                         0x08004e88   Section        0  usbd_cdc_if.o(i.USB_Receive_FS)
    i.USB_SetCurrentMode                     0x08004ec0   Section        0  stm32f1xx_ll_usb.o(i.USB_SetCurrentMode)
    i.USB_SetDevAddress                      0x08004ec6   Section        0  stm32f1xx_ll_usb.o(i.USB_SetDevAddress)
    i.USB_WritePMA                           0x08004ed4   Section        0  stm32f1xx_ll_usb.o(i.USB_WritePMA)
    i.UsageFault_Handler                     0x08004f16   Section        0  stm32f1xx_it.o(i.UsageFault_Handler)
    i.WriteOneRegToFlash                     0x08004f1c   Section        0  globals.o(i.WriteOneRegToFlash)
    i.__scatterload_copy                     0x08004f40   Section       14  handlers.o(i.__scatterload_copy)
    i.__scatterload_null                     0x08004f4e   Section        2  handlers.o(i.__scatterload_null)
    i.__scatterload_zeroinit                 0x08004f50   Section       14  handlers.o(i.__scatterload_zeroinit)
    i.main                                   0x08004f60   Section        0  main.o(i.main)
    .constdata                               0x080050f8   Section       24  system_stm32f1xx.o(.constdata)
    .data                                    0x20000000   Section       24  modbus.o(.data)
    .data                                    0x20000018   Section        8  globals.o(.data)
    .data                                    0x20000020   Section       78  usbd_desc.o(.data)
    .data                                    0x20000070   Section       24  usbd_cdc_if.o(.data)
    .data                                    0x20000088   Section       12  stm32f1xx_it.o(.data)
    myTicks                                  0x20000090   Data           4  stm32f1xx_it.o(.data)
    .data                                    0x20000094   Section        9  stm32f1xx_hal.o(.data)
    .data                                    0x200000a0   Section        4  system_stm32f1xx.o(.data)
    .data                                    0x200000a4   Section        1  usbd_ctlreq.o(.data)
    cfgidx                                   0x200000a4   Data           1  usbd_ctlreq.o(.data)
    .data                                    0x200000a8   Section      272  usbd_cdc.o(.data)
    USBD_CDC_DeviceQualifierDesc             0x200000a8   Data          10  usbd_cdc.o(.data)
    ifalt                                    0x200001b7   Data           1  usbd_cdc.o(.data)
    .bss                                     0x200001b8   Section      100  modbus.o(.bss)
    .bss                                     0x2000021c   Section       52  globals.o(.bss)
    .bss                                     0x20000250   Section       96  main.o(.bss)
    .bss                                     0x200002b0   Section      192  tim.o(.bss)
    .bss                                     0x20000370   Section      548  usb_device.o(.bss)
    .bss                                     0x20000594   Section     1664  usbd_conf.o(.bss)
    mem                                      0x200009f4   Data         544  usbd_conf.o(.bss)
    .bss                                     0x20000c14   Section      512  usbd_desc.o(.bss)
    .bss                                     0x20000e14   Section      100  usbd_cdc_if.o(.bss)
    .bss                                     0x20000e78   Section       32  stm32f1xx_hal_flash.o(.bss)
    STACK                                    0x20000e98   Section     1024  startup_stm32f103xb.o(STACK)

    Global Symbols

    Symbol Name                              Value     Ov Type        Size  Object(Section)

    BuildAttributes$$THM_ISAv4$P$D$K$B$S$PE$A:L22UL41UL21$X:L11$S22US41US21$IEEE1$IW$USESV6$~STKCKD$USESV7$~SHL$OSPACE$EBA8$MICROLIB$REQ8$PRES8$EABIv2 0x00000000   Number         0  anon$$obj.o ABSOLUTE
    __ARM_use_no_argv                        0x00000000   Number         0  main.o ABSOLUTE
    __cpp_initialize__aeabi_                  - Undefined Weak Reference
    __cxa_finalize                            - Undefined Weak Reference
    _clock_init                               - Undefined Weak Reference
    _microlib_exit                            - Undefined Weak Reference
    __Vectors_Size                           0x000000ec   Number         0  startup_stm32f103xb.o ABSOLUTE
    __Vectors                                0x08000000   Data           4  startup_stm32f103xb.o(RESET)
    __Vectors_End                            0x080000ec   Data           0  startup_stm32f103xb.o(RESET)
    __main                                   0x080000ed   Thumb Code     0  entry.o(.ARM.Collect$$$$00000000)
    _main_stk                                0x080000ed   Thumb Code     0  entry2.o(.ARM.Collect$$$$00000001)
    _main_scatterload                        0x080000f1   Thumb Code     0  entry5.o(.ARM.Collect$$$$00000004)
    __main_after_scatterload                 0x080000f5   Thumb Code     0  entry5.o(.ARM.Collect$$$$00000004)
    _main_clock                              0x080000f5   Thumb Code     0  entry7b.o(.ARM.Collect$$$$00000008)
    _main_cpp_init                           0x080000f5   Thumb Code     0  entry8b.o(.ARM.Collect$$$$0000000A)
    _main_init                               0x080000f5   Thumb Code     0  entry9a.o(.ARM.Collect$$$$0000000B)
    __rt_final_cpp                           0x080000fd   Thumb Code     0  entry10a.o(.ARM.Collect$$$$0000000D)
    __rt_final_exit                          0x080000fd   Thumb Code     0  entry11a.o(.ARM.Collect$$$$0000000F)
    Reset_Handler                            0x08000101   Thumb Code     8  startup_stm32f103xb.o(.text)
    ADC1_2_IRQHandler                        0x0800011b   Thumb Code     0  startup_stm32f103xb.o(.text)
    CAN1_RX1_IRQHandler                      0x0800011b   Thumb Code     0  startup_stm32f103xb.o(.text)
    CAN1_SCE_IRQHandler                      0x0800011b   Thumb Code     0  startup_stm32f103xb.o(.text)
    DMA1_Channel1_IRQHandler                 0x0800011b   Thumb Code     0  startup_stm32f103xb.o(.text)
    DMA1_Channel2_IRQHandler                 0x0800011b   Thumb Code     0  startup_stm32f103xb.o(.text)
    DMA1_Channel3_IRQHandler                 0x0800011b   Thumb Code     0  startup_stm32f103xb.o(.text)
    DMA1_Channel4_IRQHandler                 0x0800011b   Thumb Code     0  startup_stm32f103xb.o(.text)
    DMA1_Channel5_IRQHandler                 0x0800011b   Thumb Code     0  startup_stm32f103xb.o(.text)
    DMA1_Channel6_IRQHandler                 0x0800011b   Thumb Code     0  startup_stm32f103xb.o(.text)
    DMA1_Channel7_IRQHandler                 0x0800011b   Thumb Code     0  startup_stm32f103xb.o(.text)
    EXTI0_IRQHandler                         0x0800011b   Thumb Code     0  startup_stm32f103xb.o(.text)
    EXTI15_10_IRQHandler                     0x0800011b   Thumb Code     0  startup_stm32f103xb.o(.text)
    EXTI1_IRQHandler                         0x0800011b   Thumb Code     0  startup_stm32f103xb.o(.text)
    EXTI2_IRQHandler                         0x0800011b   Thumb Code     0  startup_stm32f103xb.o(.text)
    EXTI3_IRQHandler                         0x0800011b   Thumb Code     0  startup_stm32f103xb.o(.text)
    EXTI4_IRQHandler                         0x0800011b   Thumb Code     0  startup_stm32f103xb.o(.text)
    EXTI9_5_IRQHandler                       0x0800011b   Thumb Code     0  startup_stm32f103xb.o(.text)
    FLASH_IRQHandler                         0x0800011b   Thumb Code     0  startup_stm32f103xb.o(.text)
    I2C1_ER_IRQHandler                       0x0800011b   Thumb Code     0  startup_stm32f103xb.o(.text)
    I2C1_EV_IRQHandler                       0x0800011b   Thumb Code     0  startup_stm32f103xb.o(.text)
    I2C2_ER_IRQHandler                       0x0800011b   Thumb Code     0  startup_stm32f103xb.o(.text)
    I2C2_EV_IRQHandler                       0x0800011b   Thumb Code     0  startup_stm32f103xb.o(.text)
    PVD_IRQHandler                           0x0800011b   Thumb Code     0  startup_stm32f103xb.o(.text)
    RCC_IRQHandler                           0x0800011b   Thumb Code     0  startup_stm32f103xb.o(.text)
    RTC_Alarm_IRQHandler                     0x0800011b   Thumb Code     0  startup_stm32f103xb.o(.text)
    RTC_IRQHandler                           0x0800011b   Thumb Code     0  startup_stm32f103xb.o(.text)
    SPI1_IRQHandler                          0x0800011b   Thumb Code     0  startup_stm32f103xb.o(.text)
    SPI2_IRQHandler                          0x0800011b   Thumb Code     0  startup_stm32f103xb.o(.text)
    TAMPER_IRQHandler                        0x0800011b   Thumb Code     0  startup_stm32f103xb.o(.text)
    TIM1_BRK_IRQHandler                      0x0800011b   Thumb Code     0  startup_stm32f103xb.o(.text)
    TIM1_CC_IRQHandler                       0x0800011b   Thumb Code     0  startup_stm32f103xb.o(.text)
    TIM1_TRG_COM_IRQHandler                  0x0800011b   Thumb Code     0  startup_stm32f103xb.o(.text)
    TIM1_UP_IRQHandler                       0x0800011b   Thumb Code     0  startup_stm32f103xb.o(.text)
    USART1_IRQHandler                        0x0800011b   Thumb Code     0  startup_stm32f103xb.o(.text)
    USART2_IRQHandler                        0x0800011b   Thumb Code     0  startup_stm32f103xb.o(.text)
    USART3_IRQHandler                        0x0800011b   Thumb Code     0  startup_stm32f103xb.o(.text)
    USBWakeUp_IRQHandler                     0x0800011b   Thumb Code     0  startup_stm32f103xb.o(.text)
    USB_HP_CAN1_TX_IRQHandler                0x0800011b   Thumb Code     0  startup_stm32f103xb.o(.text)
    WWDG_IRQHandler                          0x0800011b   Thumb Code     0  startup_stm32f103xb.o(.text)
    __aeabi_llsr                             0x08000125   Thumb Code    32  llushr.o(.text)
    _ll_ushift_r                             0x08000125   Thumb Code     0  llushr.o(.text)
    __aeabi_memcpy                           0x08000145   Thumb Code    36  memcpya.o(.text)
    __aeabi_memcpy4                          0x08000145   Thumb Code     0  memcpya.o(.text)
    __aeabi_memcpy8                          0x08000145   Thumb Code     0  memcpya.o(.text)
    __aeabi_memset                           0x08000169   Thumb Code    14  memseta.o(.text)
    __aeabi_memset4                          0x08000169   Thumb Code     0  memseta.o(.text)
    __aeabi_memset8                          0x08000169   Thumb Code     0  memseta.o(.text)
    __aeabi_memclr                           0x08000177   Thumb Code     4  memseta.o(.text)
    __aeabi_memclr4                          0x08000177   Thumb Code     0  memseta.o(.text)
    __aeabi_memclr8                          0x08000177   Thumb Code     0  memseta.o(.text)
    _memset$wrapper                          0x0800017b   Thumb Code    18  memseta.o(.text)
    __scatterload                            0x0800018d   Thumb Code    28  init.o(.text)
    __scatterload_rt2                        0x0800018d   Thumb Code     0  init.o(.text)
    __decompress                             0x080001b1   Thumb Code     0  __dczerorl2.o(.text)
    __decompress1                            0x080001b1   Thumb Code    86  __dczerorl2.o(.text)
    BusFault_Handler                         0x08000207   Thumb Code     4  stm32f1xx_it.o(i.BusFault_Handler)
    CDC_Transmit_FS                          0x080002b1   Thumb Code    50  usbd_cdc_if.o(i.CDC_Transmit_FS)
    DebugMon_Handler                         0x080002e9   Thumb Code     2  stm32f1xx_it.o(i.DebugMon_Handler)
    EraseFlashPage                           0x080002ed   Thumb Code    42  globals.o(i.EraseFlashPage)
    Error_Handler                            0x0800031d   Thumb Code     2  main.o(i.Error_Handler)
    FLASH_PageErase                          0x08000349   Thumb Code    32  stm32f1xx_hal_flash_ex.o(i.FLASH_PageErase)
    FLASH_WaitForLastOperation               0x08000415   Thumb Code   106  stm32f1xx_hal_flash.o(i.FLASH_WaitForLastOperation)
    GetReadRegValue                          0x08000485   Thumb Code    18  globals.o(i.GetReadRegValue)
    GetReadWriteRegValue                     0x0800049d   Thumb Code    18  globals.o(i.GetReadWriteRegValue)
    GlobalsInit                              0x080004e9   Thumb Code    74  globals.o(i.GlobalsInit)
    HAL_FLASHEx_Erase                        0x0800053d   Thumb Code   168  stm32f1xx_hal_flash_ex.o(i.HAL_FLASHEx_Erase)
    HAL_FLASH_Lock                           0x080005ed   Thumb Code    16  stm32f1xx_hal_flash.o(i.HAL_FLASH_Lock)
    HAL_FLASH_Program                        0x08000601   Thumb Code   168  stm32f1xx_hal_flash.o(i.HAL_FLASH_Program)
    HAL_FLASH_Unlock                         0x080006b1   Thumb Code    36  stm32f1xx_hal_flash.o(i.HAL_FLASH_Unlock)
    HAL_GPIO_Init                            0x080006e1   Thumb Code   764  stm32f1xx_hal_gpio.o(i.HAL_GPIO_Init)
    HAL_GPIO_TogglePin                       0x080009fd   Thumb Code     8  stm32f1xx_hal_gpio.o(i.HAL_GPIO_TogglePin)
    HAL_GPIO_WritePin                        0x08000a05   Thumb Code    12  stm32f1xx_hal_gpio.o(i.HAL_GPIO_WritePin)
    HAL_GetTick                              0x08000a11   Thumb Code     6  stm32f1xx_hal.o(i.HAL_GetTick)
    HAL_IncTick                              0x08000a1d   Thumb Code    16  stm32f1xx_hal.o(i.HAL_IncTick)
    HAL_Init                                 0x08000a35   Thumb Code    34  stm32f1xx_hal.o(i.HAL_Init)
    HAL_InitTick                             0x08000a5d   Thumb Code    64  stm32f1xx_hal.o(i.HAL_InitTick)
    HAL_MspInit                              0x08000aa9   Thumb Code    76  stm32f1xx_hal_msp.o(i.HAL_MspInit)
    HAL_NVIC_EnableIRQ                       0x08000afd   Thumb Code    26  stm32f1xx_hal_cortex.o(i.HAL_NVIC_EnableIRQ)
    HAL_NVIC_SetPriority                     0x08000b17   Thumb Code   124  stm32f1xx_hal_cortex.o(i.HAL_NVIC_SetPriority)
    HAL_NVIC_SetPriorityGrouping             0x08000b95   Thumb Code    32  stm32f1xx_hal_cortex.o(i.HAL_NVIC_SetPriorityGrouping)
    HAL_PCDEx_PMAConfig                      0x08000bbd   Thumb Code    62  stm32f1xx_hal_pcd_ex.o(i.HAL_PCDEx_PMAConfig)
    HAL_PCDEx_SetConnectionState             0x08000bfb   Thumb Code     2  usbd_conf.o(i.HAL_PCDEx_SetConnectionState)
    HAL_PCD_DataInStageCallback              0x08000bfd   Thumb Code    28  usbd_conf.o(i.HAL_PCD_DataInStageCallback)
    HAL_PCD_DataOutStageCallback             0x08000c19   Thumb Code    28  usbd_conf.o(i.HAL_PCD_DataOutStageCallback)
    HAL_PCD_EP_Close                         0x08000c35   Thumb Code   100  stm32f1xx_hal_pcd.o(i.HAL_PCD_EP_Close)
    HAL_PCD_EP_ClrStall                      0x08000c99   Thumb Code    98  stm32f1xx_hal_pcd.o(i.HAL_PCD_EP_ClrStall)
    HAL_PCD_EP_GetRxCount                    0x08000cfb   Thumb Code    20  stm32f1xx_hal_pcd.o(i.HAL_PCD_EP_GetRxCount)
    HAL_PCD_EP_Open                          0x08000d0f   Thumb Code   118  stm32f1xx_hal_pcd.o(i.HAL_PCD_EP_Open)
    HAL_PCD_EP_Receive                       0x08000d85   Thumb Code    74  stm32f1xx_hal_pcd.o(i.HAL_PCD_EP_Receive)
    HAL_PCD_EP_SetStall                      0x08000dcf   Thumb Code   114  stm32f1xx_hal_pcd.o(i.HAL_PCD_EP_SetStall)
    HAL_PCD_EP_Transmit                      0x08000e41   Thumb Code    76  stm32f1xx_hal_pcd.o(i.HAL_PCD_EP_Transmit)
    HAL_PCD_IRQHandler                       0x08000e8d   Thumb Code   360  stm32f1xx_hal_pcd.o(i.HAL_PCD_IRQHandler)
    HAL_PCD_Init                             0x08000ff5   Thumb Code   282  stm32f1xx_hal_pcd.o(i.HAL_PCD_Init)
    HAL_PCD_MspInit                          0x08001111   Thumb Code    58  usbd_conf.o(i.HAL_PCD_MspInit)
    HAL_PCD_ResetCallback                    0x08001155   Thumb Code    36  usbd_conf.o(i.HAL_PCD_ResetCallback)
    HAL_PCD_ResumeCallback                   0x08001179   Thumb Code    14  usbd_conf.o(i.HAL_PCD_ResumeCallback)
    HAL_PCD_SOFCallback                      0x08001187   Thumb Code    14  usbd_conf.o(i.HAL_PCD_SOFCallback)
    HAL_PCD_SetAddress                       0x08001195   Thumb Code    54  stm32f1xx_hal_pcd.o(i.HAL_PCD_SetAddress)
    HAL_PCD_SetupStageCallback               0x080011cb   Thumb Code    18  usbd_conf.o(i.HAL_PCD_SetupStageCallback)
    HAL_PCD_Start                            0x080011dd   Thumb Code    60  stm32f1xx_hal_pcd.o(i.HAL_PCD_Start)
    HAL_PCD_SuspendCallback                  0x08001219   Thumb Code    30  usbd_conf.o(i.HAL_PCD_SuspendCallback)
    HAL_RCCEx_PeriphCLKConfig                0x0800123d   Thumb Code   290  stm32f1xx_hal_rcc_ex.o(i.HAL_RCCEx_PeriphCLKConfig)
    HAL_RCC_ClockConfig                      0x0800136d   Thumb Code   446  stm32f1xx_hal_rcc.o(i.HAL_RCC_ClockConfig)
    HAL_RCC_GetSysClockFreq                  0x0800153d   Thumb Code   116  stm32f1xx_hal_rcc.o(i.HAL_RCC_GetSysClockFreq)
    HAL_RCC_OscConfig                        0x080015d1   Thumb Code  1078  stm32f1xx_hal_rcc.o(i.HAL_RCC_OscConfig)
    HAL_SYSTICK_Config                       0x08001a11   Thumb Code    52  stm32f1xx_hal_cortex.o(i.HAL_SYSTICK_Config)
    HAL_TIMEx_BreakCallback                  0x08001a45   Thumb Code     2  stm32f1xx_hal_tim_ex.o(i.HAL_TIMEx_BreakCallback)
    HAL_TIMEx_CommutationCallback            0x08001a47   Thumb Code     2  stm32f1xx_hal_tim_ex.o(i.HAL_TIMEx_CommutationCallback)
    HAL_TIMEx_MasterConfigSynchronization    0x08001a49   Thumb Code    98  stm32f1xx_hal_tim_ex.o(i.HAL_TIMEx_MasterConfigSynchronization)
    HAL_TIM_Base_Init                        0x08001aab   Thumb Code    52  stm32f1xx_hal_tim.o(i.HAL_TIM_Base_Init)
    HAL_TIM_Base_MspInit                     0x08001ae1   Thumb Code   112  tim.o(i.HAL_TIM_Base_MspInit)
    HAL_TIM_Base_Start_IT                    0x08001b59   Thumb Code    30  stm32f1xx_hal_tim.o(i.HAL_TIM_Base_Start_IT)
    HAL_TIM_ConfigClockSource                0x08001b77   Thumb Code   306  stm32f1xx_hal_tim.o(i.HAL_TIM_ConfigClockSource)
    HAL_TIM_Encoder_Init                     0x08001ca9   Thumb Code   180  stm32f1xx_hal_tim.o(i.HAL_TIM_Encoder_Init)
    HAL_TIM_Encoder_MspInit                  0x08001d5d   Thumb Code   118  tim.o(i.HAL_TIM_Encoder_MspInit)
    HAL_TIM_Encoder_Start                    0x08001de1   Thumb Code    78  stm32f1xx_hal_tim.o(i.HAL_TIM_Encoder_Start)
    HAL_TIM_IC_CaptureCallback               0x08001e2f   Thumb Code     2  stm32f1xx_hal_tim.o(i.HAL_TIM_IC_CaptureCallback)
    HAL_TIM_IRQHandler                       0x08001e31   Thumb Code   406  stm32f1xx_hal_tim.o(i.HAL_TIM_IRQHandler)
    HAL_TIM_MspPostInit                      0x08001fc9   Thumb Code   134  tim.o(i.HAL_TIM_MspPostInit)
    HAL_TIM_OC_ConfigChannel                 0x0800205d   Thumb Code   116  stm32f1xx_hal_tim.o(i.HAL_TIM_OC_ConfigChannel)
    HAL_TIM_OC_DelayElapsedCallback          0x080020d1   Thumb Code     2  stm32f1xx_hal_tim.o(i.HAL_TIM_OC_DelayElapsedCallback)
    HAL_TIM_OC_Init                          0x080020d3   Thumb Code    52  stm32f1xx_hal_tim.o(i.HAL_TIM_OC_Init)
    HAL_TIM_OC_MspInit                       0x08002107   Thumb Code     2  stm32f1xx_hal_tim.o(i.HAL_TIM_OC_MspInit)
    HAL_TIM_OC_Start                         0x08002109   Thumb Code    60  stm32f1xx_hal_tim.o(i.HAL_TIM_OC_Start)
    HAL_TIM_OC_Stop                          0x08002149   Thumb Code   112  stm32f1xx_hal_tim.o(i.HAL_TIM_OC_Stop)
    HAL_TIM_OnePulse_Init                    0x080021bd   Thumb Code    76  stm32f1xx_hal_tim.o(i.HAL_TIM_OnePulse_Init)
    HAL_TIM_OnePulse_MspInit                 0x08002209   Thumb Code     2  stm32f1xx_hal_tim.o(i.HAL_TIM_OnePulse_MspInit)
    HAL_TIM_PWM_PulseFinishedCallback        0x0800220b   Thumb Code     2  stm32f1xx_hal_tim.o(i.HAL_TIM_PWM_PulseFinishedCallback)
    HAL_TIM_PeriodElapsedCallback            0x0800220d   Thumb Code     2  stm32f1xx_hal_tim.o(i.HAL_TIM_PeriodElapsedCallback)
    HAL_TIM_TriggerCallback                  0x0800220f   Thumb Code     2  stm32f1xx_hal_tim.o(i.HAL_TIM_TriggerCallback)
    HardFault_Handler                        0x08002211   Thumb Code     4  stm32f1xx_it.o(i.HardFault_Handler)
    LoadAllDataFromFlash                     0x08002255   Thumb Code    28  globals.o(i.LoadAllDataFromFlash)
    MX_GPIO_Init                             0x08002279   Thumb Code   196  gpio.o(i.MX_GPIO_Init)
    MX_TIM2_Init                             0x08002349   Thumb Code   158  tim.o(i.MX_TIM2_Init)
    MX_TIM3_Init                             0x080023ed   Thumb Code   156  tim.o(i.MX_TIM3_Init)
    MX_TIM4_Init                             0x08002491   Thumb Code   118  tim.o(i.MX_TIM4_Init)
    MX_USB_DEVICE_Init                       0x08002511   Thumb Code    60  usb_device.o(i.MX_USB_DEVICE_Init)
    MakeTransmitPacket                       0x0800255d   Thumb Code   398  modbus.o(i.MakeTransmitPacket)
    MemManage_Handler                        0x08002705   Thumb Code     4  stm32f1xx_it.o(i.MemManage_Handler)
    ModbusInit                               0x08002709   Thumb Code    32  modbus.o(i.ModbusInit)
    ModbusProcess                            0x08002741   Thumb Code   118  modbus.o(i.ModbusProcess)
    Motor1StepCounter                        0x080027c1   Thumb Code    16  main.o(i.Motor1StepCounter)
    Motor2StepCounter                        0x080027d5   Thumb Code    16  main.o(i.Motor2StepCounter)
    MotorInit                                0x080027e9   Thumb Code    70  motor.o(i.MotorInit)
    MotorReset                               0x0800282f   Thumb Code    30  motor.o(i.MotorReset)
    MotorSetDir                              0x0800284d   Thumb Code    16  motor.o(i.MotorSetDir)
    MotorSetSpeed                            0x0800285d   Thumb Code    16  motor.o(i.MotorSetSpeed)
    MotorStart                               0x0800286d   Thumb Code    22  motor.o(i.MotorStart)
    MotorStepCounter                         0x08002883   Thumb Code    46  motor.o(i.MotorStepCounter)
    MotorStop                                0x080028b1   Thumb Code    22  motor.o(i.MotorStop)
    MotorTakeFewSteps                        0x080028c7   Thumb Code    20  motor.o(i.MotorTakeFewSteps)
    NMI_Handler                              0x080028db   Thumb Code     2  stm32f1xx_it.o(i.NMI_Handler)
    PendSV_Handler                           0x08002d59   Thumb Code     2  stm32f1xx_it.o(i.PendSV_Handler)
    ReadOneRegFromFlash                      0x08002d85   Thumb Code    14  globals.o(i.ReadOneRegFromFlash)
    SVC_Handler                              0x08002d99   Thumb Code     2  stm32f1xx_it.o(i.SVC_Handler)
    SetMotor1Dir                             0x08002d9d   Thumb Code    30  gpio.o(i.SetMotor1Dir)
    SetMotor1En                              0x08002dc1   Thumb Code    30  gpio.o(i.SetMotor1En)
    SetMotor2Dir                             0x08002de5   Thumb Code    30  gpio.o(i.SetMotor2Dir)
    SetMotor2En                              0x08002e09   Thumb Code    30  gpio.o(i.SetMotor2En)
    SetReadRegValue                          0x08002e2d   Thumb Code    22  globals.o(i.SetReadRegValue)
    SetReadWriteRegValue                     0x08002e49   Thumb Code   122  globals.o(i.SetReadWriteRegValue)
    SysTick_Handler                          0x08002ed1   Thumb Code    42  stm32f1xx_it.o(i.SysTick_Handler)
    SystemClock_Config                       0x08002f05   Thumb Code   132  main.o(i.SystemClock_Config)
    SystemInit                               0x08002f89   Thumb Code    70  system_stm32f1xx.o(i.SystemInit)
    TIM2_IRQHandler                          0x08002fe1   Thumb Code    16  stm32f1xx_it.o(i.TIM2_IRQHandler)
    TIM3_IRQHandler                          0x08002ff9   Thumb Code    16  stm32f1xx_it.o(i.TIM3_IRQHandler)
    TIM4_IRQHandler                          0x08003011   Thumb Code    20  stm32f1xx_it.o(i.TIM4_IRQHandler)
    TIM_Base_SetConfig                       0x0800302d   Thumb Code   102  stm32f1xx_hal_tim.o(i.TIM_Base_SetConfig)
    TIM_CCxChannelCmd                        0x080030a1   Thumb Code    28  stm32f1xx_hal_tim.o(i.TIM_CCxChannelCmd)
    TIM_OC2_SetConfig                        0x0800314d   Thumb Code   106  stm32f1xx_hal_tim.o(i.TIM_OC2_SetConfig)
    Timer2OnOff                              0x080032d1   Thumb Code    26  tim.o(i.Timer2OnOff)
    Timer2SetMotorSpeed                      0x080032f1   Thumb Code    24  tim.o(i.Timer2SetMotorSpeed)
    Timer2SetOnePulseMode                    0x0800330d   Thumb Code    20  tim.o(i.Timer2SetOnePulseMode)
    Timer2SetRunMode                         0x08003325   Thumb Code    28  tim.o(i.Timer2SetRunMode)
    Timer3OnOff                              0x08003345   Thumb Code    26  tim.o(i.Timer3OnOff)
    Timer3SetMotorSpeed                      0x08003365   Thumb Code    24  tim.o(i.Timer3SetMotorSpeed)
    Timer3SetOnePulseMode                    0x08003381   Thumb Code    20  tim.o(i.Timer3SetOnePulseMode)
    Timer3SetRunMode                         0x08003399   Thumb Code    28  tim.o(i.Timer3SetRunMode)
    USBD_CDC_GetDeviceQualifierDescriptor    0x08003479   Thumb Code    10  usbd_cdc.o(i.USBD_CDC_GetDeviceQualifierDescriptor)
    USBD_CDC_ReceivePacket                   0x0800355f   Thumb Code    58  usbd_cdc.o(i.USBD_CDC_ReceivePacket)
    USBD_CDC_RegisterInterface               0x08003599   Thumb Code    14  usbd_cdc.o(i.USBD_CDC_RegisterInterface)
    USBD_CDC_SetRxBuffer                     0x080035a7   Thumb Code    14  usbd_cdc.o(i.USBD_CDC_SetRxBuffer)
    USBD_CDC_SetTxBuffer                     0x080035b5   Thumb Code    20  usbd_cdc.o(i.USBD_CDC_SetTxBuffer)
    USBD_CDC_TransmitPacket                  0x08003659   Thumb Code    56  usbd_cdc.o(i.USBD_CDC_TransmitPacket)
    USBD_ClrClassConfig                      0x08003691   Thumb Code    22  usbd_core.o(i.USBD_ClrClassConfig)
    USBD_CtlContinueRx                       0x080036eb   Thumb Code    24  usbd_ioreq.o(i.USBD_CtlContinueRx)
    USBD_CtlContinueSendData                 0x08003703   Thumb Code    24  usbd_ioreq.o(i.USBD_CtlContinueSendData)
    USBD_CtlError                            0x0800371b   Thumb Code    24  usbd_ctlreq.o(i.USBD_CtlError)
    USBD_CtlPrepareRx                        0x08003733   Thumb Code    40  usbd_ioreq.o(i.USBD_CtlPrepareRx)
    USBD_CtlReceiveStatus                    0x0800375b   Thumb Code    26  usbd_ioreq.o(i.USBD_CtlReceiveStatus)
    USBD_CtlSendData                         0x08003775   Thumb Code    34  usbd_ioreq.o(i.USBD_CtlSendData)
    USBD_CtlSendStatus                       0x08003797   Thumb Code    26  usbd_ioreq.o(i.USBD_CtlSendStatus)
    USBD_FS_ConfigStrDescriptor              0x080037b1   Thumb Code    34  usbd_desc.o(i.USBD_FS_ConfigStrDescriptor)
    USBD_FS_DeviceDescriptor                 0x080037e5   Thumb Code    10  usbd_desc.o(i.USBD_FS_DeviceDescriptor)
    USBD_FS_InterfaceStrDescriptor           0x080037f5   Thumb Code    34  usbd_desc.o(i.USBD_FS_InterfaceStrDescriptor)
    USBD_FS_LangIDStrDescriptor              0x0800382d   Thumb Code    10  usbd_desc.o(i.USBD_FS_LangIDStrDescriptor)
    USBD_FS_ManufacturerStrDescriptor        0x0800383d   Thumb Code    20  usbd_desc.o(i.USBD_FS_ManufacturerStrDescriptor)
    USBD_FS_ProductStrDescriptor             0x08003869   Thumb Code    34  usbd_desc.o(i.USBD_FS_ProductStrDescriptor)
    USBD_FS_SerialStrDescriptor              0x080038a9   Thumb Code    18  usbd_desc.o(i.USBD_FS_SerialStrDescriptor)
    USBD_GetString                           0x08003ab1   Thumb Code    82  usbd_ctlreq.o(i.USBD_GetString)
    USBD_Init                                0x08003b2f   Thumb Code    50  usbd_core.o(i.USBD_Init)
    USBD_LL_ClearStallEP                     0x08003b61   Thumb Code    38  usbd_conf.o(i.USBD_LL_ClearStallEP)
    USBD_LL_CloseEP                          0x08003b87   Thumb Code    38  usbd_conf.o(i.USBD_LL_CloseEP)
    USBD_LL_DataInStage                      0x08003bad   Thumb Code   218  usbd_core.o(i.USBD_LL_DataInStage)
    USBD_LL_DataOutStage                     0x08003c87   Thumb Code   134  usbd_core.o(i.USBD_LL_DataOutStage)
    USBD_LL_GetRxDataSize                    0x08003d0d   Thumb Code    18  usbd_conf.o(i.USBD_LL_GetRxDataSize)
    USBD_LL_Init                             0x08003d21   Thumb Code   124  usbd_conf.o(i.USBD_LL_Init)
    USBD_LL_IsStallEP                        0x08003da5   Thumb Code    48  usbd_conf.o(i.USBD_LL_IsStallEP)
    USBD_LL_OpenEP                           0x08003dd5   Thumb Code    48  usbd_conf.o(i.USBD_LL_OpenEP)
    USBD_LL_PrepareReceive                   0x08003e05   Thumb Code    48  usbd_conf.o(i.USBD_LL_PrepareReceive)
    USBD_LL_Reset                            0x08003e35   Thumb Code    68  usbd_core.o(i.USBD_LL_Reset)
    USBD_LL_Resume                           0x08003e79   Thumb Code    14  usbd_core.o(i.USBD_LL_Resume)
    USBD_LL_SOF                              0x08003e87   Thumb Code    34  usbd_core.o(i.USBD_LL_SOF)
    USBD_LL_SetSpeed                         0x08003ea9   Thumb Code     8  usbd_core.o(i.USBD_LL_SetSpeed)
    USBD_LL_SetUSBAddress                    0x08003eb1   Thumb Code    38  usbd_conf.o(i.USBD_LL_SetUSBAddress)
    USBD_LL_SetupStage                       0x08003ed7   Thumb Code   110  usbd_core.o(i.USBD_LL_SetupStage)
    USBD_LL_StallEP                          0x08003f45   Thumb Code    38  usbd_conf.o(i.USBD_LL_StallEP)
    USBD_LL_Start                            0x08003f6b   Thumb Code    30  usbd_conf.o(i.USBD_LL_Start)
    USBD_LL_Suspend                          0x08003f89   Thumb Code    20  usbd_core.o(i.USBD_LL_Suspend)
    USBD_LL_Transmit                         0x08003f9d   Thumb Code    48  usbd_conf.o(i.USBD_LL_Transmit)
    USBD_ParseSetupRequest                   0x08003fcd   Thumb Code    40  usbd_ctlreq.o(i.USBD_ParseSetupRequest)
    USBD_RegisterClass                       0x08003ff5   Thumb Code    16  usbd_core.o(i.USBD_RegisterClass)
    USBD_RunTestMode                         0x08004005   Thumb Code     6  usbd_core.o(i.USBD_RunTestMode)
    USBD_SetClassConfig                      0x0800405f   Thumb Code    34  usbd_core.o(i.USBD_SetClassConfig)
    USBD_Start                               0x08004185   Thumb Code    14  usbd_core.o(i.USBD_Start)
    USBD_StdDevReq                           0x08004193   Thumb Code   114  usbd_ctlreq.o(i.USBD_StdDevReq)
    USBD_StdEPReq                            0x08004205   Thumb Code   342  usbd_ctlreq.o(i.USBD_StdEPReq)
    USBD_StdItfReq                           0x0800435b   Thumb Code    74  usbd_ctlreq.o(i.USBD_StdItfReq)
    USBD_static_free                         0x080043a5   Thumb Code     2  usbd_conf.o(i.USBD_static_free)
    USBD_static_malloc                       0x080043a9   Thumb Code     6  usbd_conf.o(i.USBD_static_malloc)
    USB_ActivateEndpoint                     0x080043b5   Thumb Code   938  stm32f1xx_ll_usb.o(i.USB_ActivateEndpoint)
    USB_CoreInit                             0x0800475f   Thumb Code     8  stm32f1xx_ll_usb.o(i.USB_CoreInit)
    USB_DeactivateEndpoint                   0x08004767   Thumb Code   532  stm32f1xx_ll_usb.o(i.USB_DeactivateEndpoint)
    USB_DevConnect                           0x0800497b   Thumb Code     6  stm32f1xx_ll_usb.o(i.USB_DevConnect)
    USB_DevDisconnect                        0x08004981   Thumb Code     6  stm32f1xx_ll_usb.o(i.USB_DevDisconnect)
    USB_DevInit                              0x08004987   Thumb Code    30  stm32f1xx_ll_usb.o(i.USB_DevInit)
    USB_DisableGlobalInt                     0x080049a5   Thumb Code    22  stm32f1xx_ll_usb.o(i.USB_DisableGlobalInt)
    USB_EP0_OutStart                         0x080049bb   Thumb Code     6  stm32f1xx_ll_usb.o(i.USB_EP0_OutStart)
    USB_EPClearStall                         0x080049c1   Thumb Code   180  stm32f1xx_ll_usb.o(i.USB_EPClearStall)
    USB_EPSetStall                           0x08004a75   Thumb Code   134  stm32f1xx_ll_usb.o(i.USB_EPSetStall)
    USB_EPStartXfer                          0x08004afb   Thumb Code   818  stm32f1xx_ll_usb.o(i.USB_EPStartXfer)
    USB_EnableGlobalInt                      0x08004e2d   Thumb Code    22  stm32f1xx_ll_usb.o(i.USB_EnableGlobalInt)
    USB_LP_CAN1_RX0_IRQHandler               0x08004e45   Thumb Code    10  stm32f1xx_it.o(i.USB_LP_CAN1_RX0_IRQHandler)
    USB_ReadInterrupts                       0x08004e55   Thumb Code    10  stm32f1xx_ll_usb.o(i.USB_ReadInterrupts)
    USB_ReadPMA                              0x08004e5f   Thumb Code    40  stm32f1xx_ll_usb.o(i.USB_ReadPMA)
    USB_Receive_FS                           0x08004e89   Thumb Code    44  usbd_cdc_if.o(i.USB_Receive_FS)
    USB_SetCurrentMode                       0x08004ec1   Thumb Code     6  stm32f1xx_ll_usb.o(i.USB_SetCurrentMode)
    USB_SetDevAddress                        0x08004ec7   Thumb Code    14  stm32f1xx_ll_usb.o(i.USB_SetDevAddress)
    USB_WritePMA                             0x08004ed5   Thumb Code    66  stm32f1xx_ll_usb.o(i.USB_WritePMA)
    UsageFault_Handler                       0x08004f17   Thumb Code     4  stm32f1xx_it.o(i.UsageFault_Handler)
    WriteOneRegToFlash                       0x08004f1d   Thumb Code    32  globals.o(i.WriteOneRegToFlash)
    __scatterload_copy                       0x08004f41   Thumb Code    14  handlers.o(i.__scatterload_copy)
    __scatterload_null                       0x08004f4f   Thumb Code     2  handlers.o(i.__scatterload_null)
    __scatterload_zeroinit                   0x08004f51   Thumb Code    14  handlers.o(i.__scatterload_zeroinit)
    main                                     0x08004f61   Thumb Code   294  main.o(i.main)
    AHBPrescTable                            0x080050f8   Data          16  system_stm32f1xx.o(.constdata)
    APBPrescTable                            0x08005108   Data           8  system_stm32f1xx.o(.constdata)
    Region$$Table$$Base                      0x08005110   Number         0  anon$$obj.o(Region$$Table)
    Region$$Table$$Limit                     0x08005130   Number         0  anon$$obj.o(Region$$Table)
    getReadRegValue                          0x20000000   Data           4  modbus.o(.data)
    setReadRegValue                          0x20000004   Data           4  modbus.o(.data)
    getReadWriteRegValue                     0x20000008   Data           4  modbus.o(.data)
    setReadWriteRegValue                     0x2000000c   Data           4  modbus.o(.data)
    transmitFunction                         0x20000010   Data           4  modbus.o(.data)
    receiveFunction                          0x20000014   Data           4  modbus.o(.data)
    ReadRegs                                 0x20000018   Data           8  globals.o(.data)
    FS_Desc                                  0x20000020   Data          28  usbd_desc.o(.data)
    USBD_FS_DeviceDesc                       0x2000003c   Data          18  usbd_desc.o(.data)
    USBD_LangIDDesc                          0x20000050   Data           4  usbd_desc.o(.data)
    USBD_StringSerial                        0x20000054   Data          26  usbd_desc.o(.data)
    isRxData                                 0x20000070   Data           1  usbd_cdc_if.o(.data)
    rxDataLen                                0x20000074   Data           4  usbd_cdc_if.o(.data)
    USBD_Interface_fops_FS                   0x20000078   Data          16  usbd_cdc_if.o(.data)
    Tim2StepCounter                          0x20000088   Data           4  stm32f1xx_it.o(.data)
    Tim3StepCounter                          0x2000008c   Data           4  stm32f1xx_it.o(.data)
    uwTick                                   0x20000094   Data           4  stm32f1xx_hal.o(.data)
    uwTickPrio                               0x20000098   Data           4  stm32f1xx_hal.o(.data)
    uwTickFreq                               0x2000009c   Data           1  stm32f1xx_hal.o(.data)
    SystemCoreClock                          0x200000a0   Data           4  system_stm32f1xx.o(.data)
    USBD_CDC                                 0x200000b4   Data          56  usbd_cdc.o(.data)
    USBD_CDC_CfgHSDesc                       0x200000ec   Data          67  usbd_cdc.o(.data)
    USBD_CDC_CfgFSDesc                       0x20000130   Data          67  usbd_cdc.o(.data)
    USBD_CDC_OtherSpeedCfgDesc               0x20000174   Data          67  usbd_cdc.o(.data)
    trBuf                                    0x200001b8   Data          50  modbus.o(.bss)
    rxBuf                                    0x200001ea   Data          50  modbus.o(.bss)
    ReadWriteRegs                            0x2000021c   Data          52  globals.o(.bss)
    motor1                                   0x20000250   Data          48  main.o(.bss)
    motor2                                   0x20000280   Data          48  main.o(.bss)
    htim2                                    0x200002b0   Data          64  tim.o(.bss)
    htim3                                    0x200002f0   Data          64  tim.o(.bss)
    htim4                                    0x20000330   Data          64  tim.o(.bss)
    hUsbDeviceFS                             0x20000370   Data         548  usb_device.o(.bss)
    hpcd_USB_FS                              0x20000594   Data        1120  usbd_conf.o(.bss)
    USBD_StrDesc                             0x20000c14   Data         512  usbd_desc.o(.bss)
    UserRxBufferFS                           0x20000e14   Data          50  usbd_cdc_if.o(.bss)
    UserTxBufferFS                           0x20000e46   Data          50  usbd_cdc_if.o(.bss)
    pFlash                                   0x20000e78   Data          32  stm32f1xx_hal_flash.o(.bss)
    __initial_sp                             0x20001298   Data           0  startup_stm32f103xb.o(STACK)



==============================================================================

Memory Map of the image

  Image Entry point : 0x080000ed

  Load Region LR_IROM1 (Base: 0x08000000, Size: 0x000052e8, Max: 0x00010000, ABSOLUTE, COMPRESSED[0x000051f8])

    Execution Region ER_IROM1 (Base: 0x08000000, Size: 0x00005130, Max: 0x00010000, ABSOLUTE)

    Base Addr    Size         Type   Attr      Idx    E Section Name        Object

    0x08000000   0x000000ec   Data   RO            3    RESET               startup_stm32f103xb.o
    0x080000ec   0x00000000   Code   RO         3753  * .ARM.Collect$$$$00000000  mc_w.l(entry.o)
    0x080000ec   0x00000004   Code   RO         3764    .ARM.Collect$$$$00000001  mc_w.l(entry2.o)
    0x080000f0   0x00000004   Code   RO         3767    .ARM.Collect$$$$00000004  mc_w.l(entry5.o)
    0x080000f4   0x00000000   Code   RO         3769    .ARM.Collect$$$$00000008  mc_w.l(entry7b.o)
    0x080000f4   0x00000000   Code   RO         3771    .ARM.Collect$$$$0000000A  mc_w.l(entry8b.o)
    0x080000f4   0x00000008   Code   RO         3772    .ARM.Collect$$$$0000000B  mc_w.l(entry9a.o)
    0x080000fc   0x00000000   Code   RO         3774    .ARM.Collect$$$$0000000D  mc_w.l(entry10a.o)
    0x080000fc   0x00000000   Code   RO         3776    .ARM.Collect$$$$0000000F  mc_w.l(entry11a.o)
    0x080000fc   0x00000004   Code   RO         3765    .ARM.Collect$$$$00002712  mc_w.l(entry2.o)
    0x08000100   0x00000024   Code   RO            4    .text               startup_stm32f103xb.o
    0x08000124   0x00000020   Code   RO         3756    .text               mc_w.l(llushr.o)
    0x08000144   0x00000024   Code   RO         3758    .text               mc_w.l(memcpya.o)
    0x08000168   0x00000024   Code   RO         3760    .text               mc_w.l(memseta.o)
    0x0800018c   0x00000024   Code   RO         3778    .text               mc_w.l(init.o)
    0x080001b0   0x00000056   Code   RO         3788    .text               mc_w.l(__dczerorl2.o)
    0x08000206   0x00000004   Code   RO          925    i.BusFault_Handler  stm32f1xx_it.o
    0x0800020a   0x00000044   Code   RO          867    i.CDC_Control_FS    usbd_cdc_if.o
    0x0800024e   0x00000004   Code   RO          868    i.CDC_DeInit_FS     usbd_cdc_if.o
    0x08000252   0x00000002   PAD
    0x08000254   0x00000024   Code   RO          869    i.CDC_Init_FS       usbd_cdc_if.o
    0x08000278   0x00000038   Code   RO          870    i.CDC_Receive_FS    usbd_cdc_if.o
    0x080002b0   0x00000038   Code   RO          871    i.CDC_Transmit_FS   usbd_cdc_if.o
    0x080002e8   0x00000002   Code   RO          926    i.DebugMon_Handler  stm32f1xx_it.o
    0x080002ea   0x00000002   PAD
    0x080002ec   0x00000030   Code   RO          111    i.EraseFlashPage    globals.o
    0x0800031c   0x00000002   Code   RO          272    i.Error_Handler     main.o
    0x0800031e   0x00000002   PAD
    0x08000320   0x00000028   Code   RO         3215    i.FLASH_MassErase   stm32f1xx_hal_flash_ex.o
    0x08000348   0x00000028   Code   RO         3224    i.FLASH_PageErase   stm32f1xx_hal_flash_ex.o
    0x08000370   0x00000020   Code   RO         3112    i.FLASH_Program_HalfWord  stm32f1xx_hal_flash.o
    0x08000390   0x00000084   Code   RO         3113    i.FLASH_SetErrorCode  stm32f1xx_hal_flash.o
    0x08000414   0x00000070   Code   RO         3114    i.FLASH_WaitForLastOperation  stm32f1xx_hal_flash.o
    0x08000484   0x00000018   Code   RO          112    i.GetReadRegValue   globals.o
    0x0800049c   0x00000018   Code   RO          113    i.GetReadWriteRegValue  globals.o
    0x080004b4   0x00000034   Code   RO          790    i.Get_SerialNum     usbd_desc.o
    0x080004e8   0x00000054   Code   RO          114    i.GlobalsInit       globals.o
    0x0800053c   0x000000b0   Code   RO         3225    i.HAL_FLASHEx_Erase  stm32f1xx_hal_flash_ex.o
    0x080005ec   0x00000014   Code   RO         3118    i.HAL_FLASH_Lock    stm32f1xx_hal_flash.o
    0x08000600   0x000000b0   Code   RO         3123    i.HAL_FLASH_Program  stm32f1xx_hal_flash.o
    0x080006b0   0x00000030   Code   RO         3125    i.HAL_FLASH_Unlock  stm32f1xx_hal_flash.o
    0x080006e0   0x0000031c   Code   RO         2707    i.HAL_GPIO_Init     stm32f1xx_hal_gpio.o
    0x080009fc   0x00000008   Code   RO         2710    i.HAL_GPIO_TogglePin  stm32f1xx_hal_gpio.o
    0x08000a04   0x0000000c   Code   RO         2711    i.HAL_GPIO_WritePin  stm32f1xx_hal_gpio.o
    0x08000a10   0x0000000c   Code   RO         2410    i.HAL_GetTick       stm32f1xx_hal.o
    0x08000a1c   0x00000018   Code   RO         2414    i.HAL_IncTick       stm32f1xx_hal.o
    0x08000a34   0x00000028   Code   RO         2415    i.HAL_Init          stm32f1xx_hal.o
    0x08000a5c   0x0000004c   Code   RO         2416    i.HAL_InitTick      stm32f1xx_hal.o
    0x08000aa8   0x00000054   Code   RO         1028    i.HAL_MspInit       stm32f1xx_hal_msp.o
    0x08000afc   0x0000001a   Code   RO         2867    i.HAL_NVIC_EnableIRQ  stm32f1xx_hal_cortex.o
    0x08000b16   0x0000007c   Code   RO         2873    i.HAL_NVIC_SetPriority  stm32f1xx_hal_cortex.o
    0x08000b92   0x00000002   PAD
    0x08000b94   0x00000028   Code   RO         2874    i.HAL_NVIC_SetPriorityGrouping  stm32f1xx_hal_cortex.o
    0x08000bbc   0x0000003e   Code   RO         1303    i.HAL_PCDEx_PMAConfig  stm32f1xx_hal_pcd_ex.o
    0x08000bfa   0x00000002   Code   RO          578    i.HAL_PCDEx_SetConnectionState  usbd_conf.o
    0x08000bfc   0x0000001c   Code   RO          580    i.HAL_PCD_DataInStageCallback  usbd_conf.o
    0x08000c18   0x0000001c   Code   RO          581    i.HAL_PCD_DataOutStageCallback  usbd_conf.o
    0x08000c34   0x00000064   Code   RO         1097    i.HAL_PCD_EP_Close  stm32f1xx_hal_pcd.o
    0x08000c98   0x00000062   Code   RO         1098    i.HAL_PCD_EP_ClrStall  stm32f1xx_hal_pcd.o
    0x08000cfa   0x00000014   Code   RO         1100    i.HAL_PCD_EP_GetRxCount  stm32f1xx_hal_pcd.o
    0x08000d0e   0x00000076   Code   RO         1101    i.HAL_PCD_EP_Open   stm32f1xx_hal_pcd.o
    0x08000d84   0x0000004a   Code   RO         1102    i.HAL_PCD_EP_Receive  stm32f1xx_hal_pcd.o
    0x08000dce   0x00000072   Code   RO         1103    i.HAL_PCD_EP_SetStall  stm32f1xx_hal_pcd.o
    0x08000e40   0x0000004c   Code   RO         1104    i.HAL_PCD_EP_Transmit  stm32f1xx_hal_pcd.o
    0x08000e8c   0x00000168   Code   RO         1106    i.HAL_PCD_IRQHandler  stm32f1xx_hal_pcd.o
    0x08000ff4   0x0000011a   Code   RO         1109    i.HAL_PCD_Init      stm32f1xx_hal_pcd.o
    0x0800110e   0x00000002   PAD
    0x08001110   0x00000044   Code   RO          586    i.HAL_PCD_MspInit   usbd_conf.o
    0x08001154   0x00000024   Code   RO          587    i.HAL_PCD_ResetCallback  usbd_conf.o
    0x08001178   0x0000000e   Code   RO          588    i.HAL_PCD_ResumeCallback  usbd_conf.o
    0x08001186   0x0000000e   Code   RO          589    i.HAL_PCD_SOFCallback  usbd_conf.o
    0x08001194   0x00000036   Code   RO         1115    i.HAL_PCD_SetAddress  stm32f1xx_hal_pcd.o
    0x080011ca   0x00000012   Code   RO          590    i.HAL_PCD_SetupStageCallback  usbd_conf.o
    0x080011dc   0x0000003c   Code   RO         1117    i.HAL_PCD_Start     stm32f1xx_hal_pcd.o
    0x08001218   0x00000024   Code   RO          591    i.HAL_PCD_SuspendCallback  usbd_conf.o
    0x0800123c   0x00000130   Code   RO         2670    i.HAL_RCCEx_PeriphCLKConfig  stm32f1xx_hal_rcc_ex.o
    0x0800136c   0x000001d0   Code   RO         2562    i.HAL_RCC_ClockConfig  stm32f1xx_hal_rcc.o
    0x0800153c   0x00000094   Code   RO         2571    i.HAL_RCC_GetSysClockFreq  stm32f1xx_hal_rcc.o
    0x080015d0   0x00000440   Code   RO         2574    i.HAL_RCC_OscConfig  stm32f1xx_hal_rcc.o
    0x08001a10   0x00000034   Code   RO         2878    i.HAL_SYSTICK_Config  stm32f1xx_hal_cortex.o
    0x08001a44   0x00000002   Code   RO         2166    i.HAL_TIMEx_BreakCallback  stm32f1xx_hal_tim_ex.o
    0x08001a46   0x00000002   Code   RO         2167    i.HAL_TIMEx_CommutationCallback  stm32f1xx_hal_tim_ex.o
    0x08001a48   0x00000062   Code   RO         2183    i.HAL_TIMEx_MasterConfigSynchronization  stm32f1xx_hal_tim_ex.o
    0x08001aaa   0x00000034   Code   RO         1527    i.HAL_TIM_Base_Init  stm32f1xx_hal_tim.o
    0x08001ade   0x00000002   PAD
    0x08001ae0   0x00000078   Code   RO          428    i.HAL_TIM_Base_MspInit  tim.o
    0x08001b58   0x0000001e   Code   RO         1532    i.HAL_TIM_Base_Start_IT  stm32f1xx_hal_tim.o
    0x08001b76   0x00000132   Code   RO         1536    i.HAL_TIM_ConfigClockSource  stm32f1xx_hal_tim.o
    0x08001ca8   0x000000b4   Code   RO         1545    i.HAL_TIM_Encoder_Init  stm32f1xx_hal_tim.o
    0x08001d5c   0x00000084   Code   RO          430    i.HAL_TIM_Encoder_MspInit  tim.o
    0x08001de0   0x0000004e   Code   RO         1548    i.HAL_TIM_Encoder_Start  stm32f1xx_hal_tim.o
    0x08001e2e   0x00000002   Code   RO         1556    i.HAL_TIM_IC_CaptureCallback  stm32f1xx_hal_tim.o
    0x08001e30   0x00000196   Code   RO         1569    i.HAL_TIM_IRQHandler  stm32f1xx_hal_tim.o
    0x08001fc6   0x00000002   PAD
    0x08001fc8   0x00000094   Code   RO          431    i.HAL_TIM_MspPostInit  tim.o
    0x0800205c   0x00000074   Code   RO         1570    i.HAL_TIM_OC_ConfigChannel  stm32f1xx_hal_tim.o
    0x080020d0   0x00000002   Code   RO         1572    i.HAL_TIM_OC_DelayElapsedCallback  stm32f1xx_hal_tim.o
    0x080020d2   0x00000034   Code   RO         1574    i.HAL_TIM_OC_Init   stm32f1xx_hal_tim.o
    0x08002106   0x00000002   Code   RO         1576    i.HAL_TIM_OC_MspInit  stm32f1xx_hal_tim.o
    0x08002108   0x00000040   Code   RO         1577    i.HAL_TIM_OC_Start  stm32f1xx_hal_tim.o
    0x08002148   0x00000074   Code   RO         1580    i.HAL_TIM_OC_Stop   stm32f1xx_hal_tim.o
    0x080021bc   0x0000004c   Code   RO         1586    i.HAL_TIM_OnePulse_Init  stm32f1xx_hal_tim.o
    0x08002208   0x00000002   Code   RO         1588    i.HAL_TIM_OnePulse_MspInit  stm32f1xx_hal_tim.o
    0x0800220a   0x00000002   Code   RO         1599    i.HAL_TIM_PWM_PulseFinishedCallback  stm32f1xx_hal_tim.o
    0x0800220c   0x00000002   Code   RO         1606    i.HAL_TIM_PeriodElapsedCallback  stm32f1xx_hal_tim.o
    0x0800220e   0x00000002   Code   RO         1610    i.HAL_TIM_TriggerCallback  stm32f1xx_hal_tim.o
    0x08002210   0x00000004   Code   RO          927    i.HardFault_Handler  stm32f1xx_it.o
    0x08002214   0x0000003e   Code   RO          791    i.IntToUnicode      usbd_desc.o
    0x08002252   0x00000002   PAD
    0x08002254   0x00000024   Code   RO          115    i.LoadAllDataFromFlash  globals.o
    0x08002278   0x000000d0   Code   RO          379    i.MX_GPIO_Init      gpio.o
    0x08002348   0x000000a4   Code   RO          432    i.MX_TIM2_Init      tim.o
    0x080023ec   0x000000a4   Code   RO          433    i.MX_TIM3_Init      tim.o
    0x08002490   0x00000080   Code   RO          434    i.MX_TIM4_Init      tim.o
    0x08002510   0x0000004c   Code   RO          547    i.MX_USB_DEVICE_Init  usb_device.o
    0x0800255c   0x000001a8   Code   RO           77    i.MakeTransmitPacket  modbus.o
    0x08002704   0x00000004   Code   RO          928    i.MemManage_Handler  stm32f1xx_it.o
    0x08002708   0x00000038   Code   RO           78    i.ModbusInit        modbus.o
    0x08002740   0x00000080   Code   RO           79    i.ModbusProcess     modbus.o
    0x080027c0   0x00000014   Code   RO          273    i.Motor1StepCounter  main.o
    0x080027d4   0x00000014   Code   RO          274    i.Motor2StepCounter  main.o
    0x080027e8   0x00000046   Code   RO           10    i.MotorInit         motor.o
    0x0800282e   0x0000001e   Code   RO           11    i.MotorReset        motor.o
    0x0800284c   0x00000010   Code   RO           12    i.MotorSetDir       motor.o
    0x0800285c   0x00000010   Code   RO           14    i.MotorSetSpeed     motor.o
    0x0800286c   0x00000016   Code   RO           15    i.MotorStart        motor.o
    0x08002882   0x0000002e   Code   RO           16    i.MotorStepCounter  motor.o
    0x080028b0   0x00000016   Code   RO           17    i.MotorStop         motor.o
    0x080028c6   0x00000014   Code   RO           18    i.MotorTakeFewSteps  motor.o
    0x080028da   0x00000002   Code   RO          929    i.NMI_Handler       stm32f1xx_it.o
    0x080028dc   0x00000010   Code   RO         2880    i.NVIC_GetPriorityGrouping  stm32f1xx_hal_cortex.o
    0x080028ec   0x00000028   Code   RO         2881    i.NVIC_SetPriority  stm32f1xx_hal_cortex.o
    0x08002914   0x00000444   Code   RO         1120    i.PCD_EP_ISR_Handler  stm32f1xx_hal_pcd.o
    0x08002d58   0x00000002   Code   RO          930    i.PendSV_Handler    stm32f1xx_it.o
    0x08002d5a   0x00000002   PAD
    0x08002d5c   0x00000028   Code   RO         2575    i.RCC_Delay         stm32f1xx_hal_rcc.o
    0x08002d84   0x00000014   Code   RO          116    i.ReadOneRegFromFlash  globals.o
    0x08002d98   0x00000002   Code   RO          931    i.SVC_Handler       stm32f1xx_it.o
    0x08002d9a   0x00000002   PAD
    0x08002d9c   0x00000024   Code   RO          380    i.SetMotor1Dir      gpio.o
    0x08002dc0   0x00000024   Code   RO          381    i.SetMotor1En       gpio.o
    0x08002de4   0x00000024   Code   RO          382    i.SetMotor2Dir      gpio.o
    0x08002e08   0x00000024   Code   RO          383    i.SetMotor2En       gpio.o
    0x08002e2c   0x0000001c   Code   RO          117    i.SetReadRegValue   globals.o
    0x08002e48   0x00000088   Code   RO          118    i.SetReadWriteRegValue  globals.o
    0x08002ed0   0x00000034   Code   RO          932    i.SysTick_Handler   stm32f1xx_it.o
    0x08002f04   0x00000084   Code   RO          275    i.SystemClock_Config  main.o
    0x08002f88   0x00000058   Code   RO         3322    i.SystemInit        system_stm32f1xx.o
    0x08002fe0   0x00000018   Code   RO          933    i.TIM2_IRQHandler   stm32f1xx_it.o
    0x08002ff8   0x00000018   Code   RO          934    i.TIM3_IRQHandler   stm32f1xx_it.o
    0x08003010   0x0000001c   Code   RO          935    i.TIM4_IRQHandler   stm32f1xx_it.o
    0x0800302c   0x00000074   Code   RO         1611    i.TIM_Base_SetConfig  stm32f1xx_hal_tim.o
    0x080030a0   0x0000001c   Code   RO         1612    i.TIM_CCxChannelCmd  stm32f1xx_hal_tim.o
    0x080030bc   0x00000018   Code   RO         1618    i.TIM_ETR_SetConfig  stm32f1xx_hal_tim.o
    0x080030d4   0x00000014   Code   RO         1619    i.TIM_ITRx_SetConfig  stm32f1xx_hal_tim.o
    0x080030e8   0x00000064   Code   RO         1620    i.TIM_OC1_SetConfig  stm32f1xx_hal_tim.o
    0x0800314c   0x00000070   Code   RO         1621    i.TIM_OC2_SetConfig  stm32f1xx_hal_tim.o
    0x080031bc   0x0000006c   Code   RO         1622    i.TIM_OC3_SetConfig  stm32f1xx_hal_tim.o
    0x08003228   0x00000050   Code   RO         1623    i.TIM_OC4_SetConfig  stm32f1xx_hal_tim.o
    0x08003278   0x0000002a   Code   RO         1625    i.TIM_TI1_ConfigInputStage  stm32f1xx_hal_tim.o
    0x080032a2   0x0000002c   Code   RO         1627    i.TIM_TI2_ConfigInputStage  stm32f1xx_hal_tim.o
    0x080032ce   0x00000002   PAD
    0x080032d0   0x00000020   Code   RO          435    i.Timer2OnOff       tim.o
    0x080032f0   0x0000001c   Code   RO          436    i.Timer2SetMotorSpeed  tim.o
    0x0800330c   0x00000018   Code   RO          437    i.Timer2SetOnePulseMode  tim.o
    0x08003324   0x00000020   Code   RO          438    i.Timer2SetRunMode  tim.o
    0x08003344   0x00000020   Code   RO          439    i.Timer3OnOff       tim.o
    0x08003364   0x0000001c   Code   RO          440    i.Timer3SetMotorSpeed  tim.o
    0x08003380   0x00000018   Code   RO          441    i.Timer3SetOnePulseMode  tim.o
    0x08003398   0x00000020   Code   RO          442    i.Timer3SetRunMode  tim.o
    0x080033b8   0x0000001a   Code   RO         3651    i.USBD_CDC_DataIn   usbd_cdc.o
    0x080033d2   0x00000034   Code   RO         3652    i.USBD_CDC_DataOut  usbd_cdc.o
    0x08003406   0x00000040   Code   RO         3653    i.USBD_CDC_DeInit   usbd_cdc.o
    0x08003446   0x00000032   Code   RO         3654    i.USBD_CDC_EP0_RxReady  usbd_cdc.o
    0x08003478   0x00000010   Code   RO         3655    i.USBD_CDC_GetDeviceQualifierDescriptor  usbd_cdc.o
    0x08003488   0x00000010   Code   RO         3656    i.USBD_CDC_GetFSCfgDesc  usbd_cdc.o
    0x08003498   0x00000010   Code   RO         3657    i.USBD_CDC_GetHSCfgDesc  usbd_cdc.o
    0x080034a8   0x00000010   Code   RO         3658    i.USBD_CDC_GetOtherSpeedCfgDesc  usbd_cdc.o
    0x080034b8   0x000000a6   Code   RO         3659    i.USBD_CDC_Init     usbd_cdc.o
    0x0800355e   0x0000003a   Code   RO         3660    i.USBD_CDC_ReceivePacket  usbd_cdc.o
    0x08003598   0x0000000e   Code   RO         3661    i.USBD_CDC_RegisterInterface  usbd_cdc.o
    0x080035a6   0x0000000e   Code   RO         3662    i.USBD_CDC_SetRxBuffer  usbd_cdc.o
    0x080035b4   0x00000014   Code   RO         3663    i.USBD_CDC_SetTxBuffer  usbd_cdc.o
    0x080035c8   0x00000090   Code   RO         3664    i.USBD_CDC_Setup    usbd_cdc.o
    0x08003658   0x00000038   Code   RO         3665    i.USBD_CDC_TransmitPacket  usbd_cdc.o
    0x08003690   0x00000016   Code   RO         3358    i.USBD_ClrClassConfig  usbd_core.o
    0x080036a6   0x00000044   Code   RO         3496    i.USBD_ClrFeature   usbd_ctlreq.o
    0x080036ea   0x00000018   Code   RO         3591    i.USBD_CtlContinueRx  usbd_ioreq.o
    0x08003702   0x00000018   Code   RO         3592    i.USBD_CtlContinueSendData  usbd_ioreq.o
    0x0800371a   0x00000018   Code   RO         3497    i.USBD_CtlError     usbd_ctlreq.o
    0x08003732   0x00000028   Code   RO         3593    i.USBD_CtlPrepareRx  usbd_ioreq.o
    0x0800375a   0x0000001a   Code   RO         3594    i.USBD_CtlReceiveStatus  usbd_ioreq.o
    0x08003774   0x00000022   Code   RO         3595    i.USBD_CtlSendData  usbd_ioreq.o
    0x08003796   0x0000001a   Code   RO         3596    i.USBD_CtlSendStatus  usbd_ioreq.o
    0x080037b0   0x00000034   Code   RO          792    i.USBD_FS_ConfigStrDescriptor  usbd_desc.o
    0x080037e4   0x00000010   Code   RO          793    i.USBD_FS_DeviceDescriptor  usbd_desc.o
    0x080037f4   0x00000038   Code   RO          794    i.USBD_FS_InterfaceStrDescriptor  usbd_desc.o
    0x0800382c   0x00000010   Code   RO          795    i.USBD_FS_LangIDStrDescriptor  usbd_desc.o
    0x0800383c   0x0000002c   Code   RO          796    i.USBD_FS_ManufacturerStrDescriptor  usbd_desc.o
    0x08003868   0x00000040   Code   RO          797    i.USBD_FS_ProductStrDescriptor  usbd_desc.o
    0x080038a8   0x00000018   Code   RO          798    i.USBD_FS_SerialStrDescriptor  usbd_desc.o
    0x080038c0   0x00000050   Code   RO         3498    i.USBD_GetConfig    usbd_ctlreq.o
    0x08003910   0x00000148   Code   RO         3499    i.USBD_GetDescriptor  usbd_ctlreq.o
    0x08003a58   0x00000014   Code   RO         3500    i.USBD_GetLen       usbd_ctlreq.o
    0x08003a6c   0x00000044   Code   RO         3501    i.USBD_GetStatus    usbd_ctlreq.o
    0x08003ab0   0x00000052   Code   RO         3502    i.USBD_GetString    usbd_ctlreq.o
    0x08003b02   0x0000002c   Code   RO          592    i.USBD_Get_USB_Status  usbd_conf.o
    0x08003b2e   0x00000032   Code   RO         3360    i.USBD_Init         usbd_core.o
    0x08003b60   0x00000026   Code   RO          593    i.USBD_LL_ClearStallEP  usbd_conf.o
    0x08003b86   0x00000026   Code   RO          594    i.USBD_LL_CloseEP   usbd_conf.o
    0x08003bac   0x000000da   Code   RO         3361    i.USBD_LL_DataInStage  usbd_core.o
    0x08003c86   0x00000086   Code   RO         3362    i.USBD_LL_DataOutStage  usbd_core.o
    0x08003d0c   0x00000012   Code   RO          598    i.USBD_LL_GetRxDataSize  usbd_conf.o
    0x08003d1e   0x00000002   PAD
    0x08003d20   0x00000084   Code   RO          599    i.USBD_LL_Init      usbd_conf.o
    0x08003da4   0x00000030   Code   RO          600    i.USBD_LL_IsStallEP  usbd_conf.o
    0x08003dd4   0x00000030   Code   RO          601    i.USBD_LL_OpenEP    usbd_conf.o
    0x08003e04   0x00000030   Code   RO          602    i.USBD_LL_PrepareReceive  usbd_conf.o
    0x08003e34   0x00000044   Code   RO         3367    i.USBD_LL_Reset     usbd_core.o
    0x08003e78   0x0000000e   Code   RO         3368    i.USBD_LL_Resume    usbd_core.o
    0x08003e86   0x00000022   Code   RO         3369    i.USBD_LL_SOF       usbd_core.o
    0x08003ea8   0x00000008   Code   RO         3370    i.USBD_LL_SetSpeed  usbd_core.o
    0x08003eb0   0x00000026   Code   RO          603    i.USBD_LL_SetUSBAddress  usbd_conf.o
    0x08003ed6   0x0000006e   Code   RO         3371    i.USBD_LL_SetupStage  usbd_core.o
    0x08003f44   0x00000026   Code   RO          604    i.USBD_LL_StallEP   usbd_conf.o
    0x08003f6a   0x0000001e   Code   RO          605    i.USBD_LL_Start     usbd_conf.o
    0x08003f88   0x00000014   Code   RO         3372    i.USBD_LL_Suspend   usbd_core.o
    0x08003f9c   0x00000030   Code   RO          607    i.USBD_LL_Transmit  usbd_conf.o
    0x08003fcc   0x00000028   Code   RO         3503    i.USBD_ParseSetupRequest  usbd_ctlreq.o
    0x08003ff4   0x00000010   Code   RO         3373    i.USBD_RegisterClass  usbd_core.o
    0x08004004   0x00000006   Code   RO         3374    i.USBD_RunTestMode  usbd_core.o
    0x0800400a   0x00000054   Code   RO         3504    i.USBD_SetAddress   usbd_ctlreq.o
    0x0800405e   0x00000022   Code   RO         3375    i.USBD_SetClassConfig  usbd_core.o
    0x08004080   0x000000e0   Code   RO         3505    i.USBD_SetConfig    usbd_ctlreq.o
    0x08004160   0x00000024   Code   RO         3506    i.USBD_SetFeature   usbd_ctlreq.o
    0x08004184   0x0000000e   Code   RO         3376    i.USBD_Start        usbd_core.o
    0x08004192   0x00000072   Code   RO         3507    i.USBD_StdDevReq    usbd_ctlreq.o
    0x08004204   0x00000156   Code   RO         3508    i.USBD_StdEPReq     usbd_ctlreq.o
    0x0800435a   0x0000004a   Code   RO         3509    i.USBD_StdItfReq    usbd_ctlreq.o
    0x080043a4   0x00000002   Code   RO          608    i.USBD_static_free  usbd_conf.o
    0x080043a6   0x00000002   PAD
    0x080043a8   0x0000000c   Code   RO          609    i.USBD_static_malloc  usbd_conf.o
    0x080043b4   0x000003aa   Code   RO         1333    i.USB_ActivateEndpoint  stm32f1xx_ll_usb.o
    0x0800475e   0x00000008   Code   RO         1336    i.USB_CoreInit      stm32f1xx_ll_usb.o
    0x08004766   0x00000214   Code   RO         1338    i.USB_DeactivateEndpoint  stm32f1xx_ll_usb.o
    0x0800497a   0x00000006   Code   RO         1339    i.USB_DevConnect    stm32f1xx_ll_usb.o
    0x08004980   0x00000006   Code   RO         1340    i.USB_DevDisconnect  stm32f1xx_ll_usb.o
    0x08004986   0x0000001e   Code   RO         1341    i.USB_DevInit       stm32f1xx_ll_usb.o
    0x080049a4   0x00000016   Code   RO         1342    i.USB_DisableGlobalInt  stm32f1xx_ll_usb.o
    0x080049ba   0x00000006   Code   RO         1343    i.USB_EP0_OutStart  stm32f1xx_ll_usb.o
    0x080049c0   0x000000b4   Code   RO         1344    i.USB_EPClearStall  stm32f1xx_ll_usb.o
    0x08004a74   0x00000086   Code   RO         1345    i.USB_EPSetStall    stm32f1xx_ll_usb.o
    0x08004afa   0x00000332   Code   RO         1346    i.USB_EPStartXfer   stm32f1xx_ll_usb.o
    0x08004e2c   0x00000016   Code   RO         1347    i.USB_EnableGlobalInt  stm32f1xx_ll_usb.o
    0x08004e42   0x00000002   PAD
    0x08004e44   0x00000010   Code   RO          936    i.USB_LP_CAN1_RX0_IRQHandler  stm32f1xx_it.o
    0x08004e54   0x0000000a   Code   RO         1354    i.USB_ReadInterrupts  stm32f1xx_ll_usb.o
    0x08004e5e   0x00000028   Code   RO         1355    i.USB_ReadPMA       stm32f1xx_ll_usb.o
    0x08004e86   0x00000002   PAD
    0x08004e88   0x00000038   Code   RO          872    i.USB_Receive_FS    usbd_cdc_if.o
    0x08004ec0   0x00000006   Code   RO         1357    i.USB_SetCurrentMode  stm32f1xx_ll_usb.o
    0x08004ec6   0x0000000e   Code   RO         1358    i.USB_SetDevAddress  stm32f1xx_ll_usb.o
    0x08004ed4   0x00000042   Code   RO         1360    i.USB_WritePMA      stm32f1xx_ll_usb.o
    0x08004f16   0x00000004   Code   RO          937    i.UsageFault_Handler  stm32f1xx_it.o
    0x08004f1a   0x00000002   PAD
    0x08004f1c   0x00000024   Code   RO          119    i.WriteOneRegToFlash  globals.o
    0x08004f40   0x0000000e   Code   RO         3782    i.__scatterload_copy  mc_w.l(handlers.o)
    0x08004f4e   0x00000002   Code   RO         3783    i.__scatterload_null  mc_w.l(handlers.o)
    0x08004f50   0x0000000e   Code   RO         3784    i.__scatterload_zeroinit  mc_w.l(handlers.o)
    0x08004f5e   0x00000002   PAD
    0x08004f60   0x00000198   Code   RO          276    i.main              main.o
    0x080050f8   0x00000018   Data   RO         3323    .constdata          system_stm32f1xx.o
    0x08005110   0x00000020   Data   RO         3780    Region$$Table       anon$$obj.o


    Execution Region RW_IRAM1 (Base: 0x20000000, Size: 0x00001298, Max: 0x00005000, ABSOLUTE, COMPRESSED[0x000000c8])

    Base Addr    Size         Type   Attr      Idx    E Section Name        Object

    0x20000000   0x00000018   Data   RW           81    .data               modbus.o
    0x20000018   0x00000008   Data   RW          121    .data               globals.o
    0x20000020   0x0000004e   Data   RW          800    .data               usbd_desc.o
    0x2000006e   0x00000002   PAD
    0x20000070   0x00000018   Data   RW          874    .data               usbd_cdc_if.o
    0x20000088   0x0000000c   Data   RW          938    .data               stm32f1xx_it.o
    0x20000094   0x00000009   Data   RW         2422    .data               stm32f1xx_hal.o
    0x2000009d   0x00000003   PAD
    0x200000a0   0x00000004   Data   RW         3324    .data               system_stm32f1xx.o
    0x200000a4   0x00000001   Data   RW         3510    .data               usbd_ctlreq.o
    0x200000a5   0x00000003   PAD
    0x200000a8   0x00000110   Data   RW         3666    .data               usbd_cdc.o
    0x200001b8   0x00000064   Zero   RW           80    .bss                modbus.o
    0x2000021c   0x00000034   Zero   RW          120    .bss                globals.o
    0x20000250   0x00000060   Zero   RW          277    .bss                main.o
    0x200002b0   0x000000c0   Zero   RW          443    .bss                tim.o
    0x20000370   0x00000224   Zero   RW          548    .bss                usb_device.o
    0x20000594   0x00000680   Zero   RW          610    .bss                usbd_conf.o
    0x20000c14   0x00000200   Zero   RW          799    .bss                usbd_desc.o
    0x20000e14   0x00000064   Zero   RW          873    .bss                usbd_cdc_if.o
    0x20000e78   0x00000020   Zero   RW         3126    .bss                stm32f1xx_hal_flash.o
    0x20000e98   0x00000400   Zero   RW            1    STACK               startup_stm32f103xb.o


==============================================================================

Image component sizes


      Code (inc. data)   RO Data    RW Data    ZI Data      Debug   Object Name

       436         66          0          8         52     440804   globals.o
       352         36          0          0          0       2673   gpio.o
       582        122          0          0         96       9275   main.o
       608         60          0         24        100       3531   modbus.o
       242          0          0          0          0       9631   motor.o
        36          8        236          0       1024        780   startup_stm32f103xb.o
       152         32          0          9          0       5113   stm32f1xx_hal.o
       298         22          0          0          0      26015   stm32f1xx_hal_cortex.o
       520         48          0          0         32       3974   stm32f1xx_hal_flash.o
       256         26          0          0          0       2439   stm32f1xx_hal_flash_ex.o
       816         32          0          0          0       3133   stm32f1xx_hal_gpio.o
        84          8          0          0          0        822   stm32f1xx_hal_msp.o
      2448          0          0          0          0       9385   stm32f1xx_hal_pcd.o
        62          0          0          0          0       1102   stm32f1xx_hal_pcd_ex.o
      1740         82          0          0          0       4184   stm32f1xx_hal_rcc.o
       304         14          0          0          0       1340   stm32f1xx_hal_rcc_ex.o
      2164         42          0          0          0      18332   stm32f1xx_hal_tim.o
       102          0          0          0          0       2154   stm32f1xx_hal_tim_ex.o
       168         40          0         12          0       6071   stm32f1xx_it.o
      2838          0          0          0          0      12907   stm32f1xx_ll_usb.o
        88         18         24          4          0       1091   system_stm32f1xx.o
      1088         96          0          0        192       7670   tim.o
        76         16          0          0        548        680   usb_device.o
       728         30          0        272          0      12110   usbd_cdc.o
       276         48          0         24        100       3812   usbd_cdc_if.o
       826         30          0          0       1664      13165   usbd_conf.o
       748          0          0          0          0       9179   usbd_core.o
      1584         30          0          1          0       9808   usbd_ctlreq.o
       386        122          0         78        512       5945   usbd_desc.o
       174          0          0          0          0       4224   usbd_ioreq.o

    ----------------------------------------------------------------------
     20214       1028        292        440       4320     631349   Object Totals
         0          0         32          0          0          0   (incl. Generated)
        32          0          0          8          0          0   (incl. Padding)

    ----------------------------------------------------------------------

      Code (inc. data)   RO Data    RW Data    ZI Data      Debug   Library Member Name

        86          0          0          0          0          0   __dczerorl2.o
         0          0          0          0          0          0   entry.o
         0          0          0          0          0          0   entry10a.o
         0          0          0          0          0          0   entry11a.o
         8          4          0          0          0          0   entry2.o
         4          0          0          0          0          0   entry5.o
         0          0          0          0          0          0   entry7b.o
         0          0          0          0          0          0   entry8b.o
         8          4          0          0          0          0   entry9a.o
        30          0          0          0          0          0   handlers.o
        36          8          0          0          0         68   init.o
        32          0          0          0          0         68   llushr.o
        36          0          0          0          0         68   memcpya.o
        36          0          0          0          0        108   memseta.o

    ----------------------------------------------------------------------
       278         16          0          0          0        312   Library Totals
         2          0          0          0          0          0   (incl. Padding)

    ----------------------------------------------------------------------

      Code (inc. data)   RO Data    RW Data    ZI Data      Debug   Library Name

       276         16          0          0          0        312   mc_w.l

    ----------------------------------------------------------------------
       278         16          0          0          0        312   Library Totals

    ----------------------------------------------------------------------

==============================================================================


      Code (inc. data)   RO Data    RW Data    ZI Data      Debug   

     20492       1044        292        440       4320     619881   Grand Totals
     20492       1044        292        200       4320     619881   ELF Image Totals (compressed)
     20492       1044        292        200          0          0   ROM Totals

==============================================================================

    Total RO  Size (Code + RO Data)                20784 (  20.30kB)
    Total RW  Size (RW Data + ZI Data)              4760 (   4.65kB)
    Total ROM Size (Code + RO Data + RW Data)      20984 (  20.49kB)

==============================================================================

